******************************************************************************
                  TI ARM Linker PC v18.12.3                    
******************************************************************************
>> Linked Mon Dec 16 21:55:25 2019

OUTPUT FILE NAME:   <Final.out>
ENTRY POINT SYMBOL: "_c_int00_noargs"  address: 000051fd


MEMORY CONFIGURATION

         name            origin    length      used     unused   attr    fill
----------------------  --------  ---------  --------  --------  ----  --------
  MAIN                  00000000   00040000  00005704  0003a8fc  R  X
  INFO                  00200000   00004000  00000000  00004000  R  X
  SRAM_CODE             01000000   00010000  00000b0d  0000f4f3  RW X
  SRAM_DATA             20000000   00010000  00000b0d  0000f4f3  RW  


SEGMENT ALLOCATION MAP

run origin  load origin   length   init length attrs members
----------  ----------- ---------- ----------- ----- -------
00000000    00000000    00005708   00005708    r-x
  00000000    00000000    000000e4   000000e4    r-- .intvecs
  000000e4    000000e4    00005384   00005384    r-x .text
  00005468    00005468    000001d4   000001d4    r-- .const
  00005640    00005640    000000c8   000000c8    r-- .cinit
20000000    20000000    00000911   00000000    rw-
  20000000    20000000    000000e4   00000000    rw- .vtable
  200000e8    200000e8    00000400   00000000    rw- .sysmem
  200004e8    200004e8    0000021c   00000000    rw- .data
  20000704    20000704    0000020d   00000000    rw- .bss
2000fe00    2000fe00    00000200   00000000    rw-
  2000fe00    2000fe00    00000200   00000000    rw- .stack


SECTION ALLOCATION MAP

 output                                  attributes/
section   page    origin      length       input sections
--------  ----  ----------  ----------   ----------------
.intvecs   0    00000000    000000e4     
                  00000000    000000e4     startup_msp432p401r_ccs.obj (.intvecs:retain)

.text      0    000000e4    00005384     
                  000000e4    00000d7c     cs.obj (.text)
                  00000e60    00000a4e     rtsv7M4_T_le_v4SPD16_eabi.lib : _printfi.c.obj (.text:__TI_printfi)
                  000018ae    00000002                                   : _lock.c.obj (.text:_nop)
                  000018b0    00000604     rtc.obj (.text)
                  00001eb4    00000480     gpio.obj (.text)
                  00002334    0000041c     uart.obj (.text)
                  00002750    000003f0     interrupt.obj (.text)
                  00002b40    00000334     system_msp432p401r.obj (.text)
                  00002e74    00000270     rtsv7M4_T_le_v4SPD16_eabi.lib : _printfi.c.obj (.text:_pconv_a)
                  000030e4    00000244     sysctl.obj (.text)
                  00003328    000001d0     rtsv7M4_T_le_v4SPD16_eabi.lib : _printfi.c.obj (.text:_pconv_g)
                  000034f8    000001b6                                   : fd_add_t2.asm.obj (.text)
                  000036ae    00000002                                   : div0.asm.obj (.text)
                  000036b0    00000174     i2c1.obj (.text)
                  00003824    0000013c     rtsv7M4_T_le_v4SPD16_eabi.lib : _printfi.c.obj (.text:_pconv_e)
                  00003960    00000136                                   : fd_div_t2.asm.obj (.text)
                  00003a96    00000002     --HOLE-- [fill = 0]
                  00003a98    00000124                                   : _printfi.c.obj (.text:fcvt)
                  00003bbc    00000114                                   : fputs.c.obj (.text:fputs)
                  00003cd0    00000110                                   : s_scalbn.c.obj (.text:scalbn)
                  00003de0    000000fc                                   : fd_mul_t2.asm.obj (.text)
                  00003edc    000000f8     imu.obj (.text)
                  00003fd4    000000f4     rtsv7M4_T_le_v4SPD16_eabi.lib : memory.c.obj (.text:aligned_alloc)
                  000040c8    000000e8                                   : memory.c.obj (.text:free)
                  000041b0    000000dc                                   : setvbuf.c.obj (.text:setvbuf)
                  0000428c    000000d8     wdt_a.obj (.text)
                  00004364    000000b1     rtsv7M4_T_le_v4SPD16_eabi.lib : _printfi.c.obj (.text:_ltostr)
                  00004415    00000001     --HOLE-- [fill = 0]
                  00004416    0000009c                                   : memcpy_t2.asm.obj (.text)
                  000044b2    00000096                                   : ull_div_t2.asm.obj (.text)
                  00004548    0000008c                                   : fputc.c.obj (.text:fputc)
                  000045d4    00000086                                   : fd_cmp_t2.asm.obj (.text:__aeabi_cdcmple)
                  0000465a    00000086                                   : fd_cmp_t2.asm.obj (.text:__aeabi_cdrcmple)
                  000046e0    0000007c     main.obj (.text)
                  0000475c    0000007c     rtsv7M4_T_le_v4SPD16_eabi.lib : memory.c.obj (.text:split)
                  000047d8    0000007a                                   : memset_t2.asm.obj (.text)
                  00004852    00000002     --HOLE-- [fill = 0]
                  00004854    00000074                                   : fclose.c.obj (.text:__TI_closefile)
                  000048c8    0000006e                                   : _printfi.c.obj (.text:_mcpy)
                  00004936    00000002     --HOLE-- [fill = 0]
                  00004938    0000006c                                   : hostrename.c.obj (.text:HOSTrename)
                  000049a4    00000068                                   : hostlseek.c.obj (.text:HOSTlseek)
                  00004a0c    00000068                                   : copy_decompress_lzss.c.obj (.text:decompress:lzss:__TI_decompress_lzss)
                  00004a74    00000068                                   : printf.c.obj (.text:printf)
                  00004adc    00000064                                   : s_frexp.c.obj (.text:frexp)
                  00004b40    00000064                                   : fseek.c.obj (.text:fseek)
                  00004ba4    00000062                                   : _io_perm.c.obj (.text:__TI_wrt_ok)
                  00004c06    00000002     --HOLE-- [fill = 0]
                  00004c08    00000060                                   : hostopen.c.obj (.text:HOSTopen)
                  00004c68    0000005c                                   : close.c.obj (.text:close)
                  00004cc4    00000058                                   : hostread.c.obj (.text:HOSTread)
                  00004d1c    00000058                                   : hostwrite.c.obj (.text:HOSTwrite)
                  00004d74    00000056                                   : _printfi.c.obj (.text:_pconv_f)
                  00004dca    00000054                                   : ltoa.c.obj (.text:ltoa)
                  00004e1e    00000052                                   : _printfi.c.obj (.text:_ecpy)
                  00004e70    0000004c                                   : fflush.c.obj (.text:__TI_doflush)
                  00004ebc    0000004c                                   : atoi.c.obj (.text:atoi)
                  00004f08    00000048                                   : exit.c.obj (.text:exit)
                  00004f50    00000048                                   : fd_toi_t2.asm.obj (.text)
                  00004f98    00000044                                   : hostclose.c.obj (.text:HOSTclose)
                  00004fdc    00000044                                   : hostunlink.c.obj (.text:HOSTunlink)
                  00005020    00000044                                   : autoinit.c.obj (.text:__TI_auto_init_nobinit_nopinit:__TI_auto_init_nobinit_nopinit)
                  00005064    00000044                                   : getdevice.c.obj (.text:getdevice)
                  000050a8    0000003e                                   : _printfi.c.obj (.text:_fcpy)
                  000050e6    0000003e     cpu.obj (.text)
                  00005124    00000038     rtsv7M4_T_le_v4SPD16_eabi.lib : trgmsg.c.obj (.text:__TI_writemsg)
                  0000515c    00000036                                   : strncpy.c.obj (.text:strncpy)
                  00005192    00000002     --HOLE-- [fill = 0]
                  00005194    00000034                                   : fopen.c.obj (.text:__TI_cleanup)
                  000051c8    00000034                                   : trgmsg.c.obj (.text:__TI_readmsg)
                  000051fc    00000034                                   : boot_cortex_m.c.obj (.text:_c_int00_noargs:_c_int00_noargs)
                  00005230    00000030                                   : getdevice.c.obj (.text:finddevice)
                  00005260    0000002e                                   : i_tofd_t2.asm.obj (.text)
                  0000528e    00000002     --HOLE-- [fill = 0]
                  00005290    0000002c                                   : unlink.c.obj (.text:unlink)
                  000052bc    00000028                                   : memory.c.obj (.text:free_list_insert)
                  000052e4    00000028                                   : lseek.c.obj (.text:lseek)
                  0000530c    00000028                                   : write.c.obj (.text:write)
                  00005334    00000020                                   : memchr.c.obj (.text:memchr)
                  00005354    0000001c                                   : copy_zero_init.c.obj (.text:decompress:ZI:__TI_zero_init_nomemset:__TI_zero_init_nomemset)
                  00005370    0000001c                                   : memory.c.obj (.text:free_list_remove)
                  0000538c    0000001c                                   : memccpy.c.obj (.text:memccpy)
                  000053a8    0000001a                                   : s_copysign.c.obj (.text:copysign)
                  000053c2    00000018                                   : strcmp.c.obj (.text:strcmp)
                  000053da    00000016                                   : strchr.c.obj (.text:strchr)
                  000053f0    00000014                                   : strcpy.c.obj (.text:strcpy)
                  00005404    00000014                                   : strlen.c.obj (.text:strlen)
                  00005418    00000012                                   : wcslen.c.obj (.text:wcslen)
                  0000542a    0000000e                                   : copy_decompress_none.c.obj (.text:decompress:none:__TI_decompress_none)
                  00005438    0000000e     startup_msp432p401r_ccs.obj (.text)
                  00005446    00000002     --HOLE-- [fill = 0]
                  00005448    00000008     rtsv7M4_T_le_v4SPD16_eabi.lib : errno.c.obj (.text:__aeabi_errno_addr)
                  00005450    00000008                                   : memory.c.obj (.text:malloc)
                  00005458    00000004                                   : printf.c.obj (.text:_outc)
                  0000545c    00000004                                   : printf.c.obj (.text:_outs)
                  00005460    00000004                                   : pre_init.c.obj (.text:_system_pre_init)
                  00005464    00000004                                   : exit.c.obj (.text:abort:abort)

.const     0    00005468    000001d4     
                  00005468    00000101     rtsv7M4_T_le_v4SPD16_eabi.lib : ctype.c.obj (.const:.string:_ctypes_)
                  00005569    00000003     --HOLE-- [fill = 0]
                  0000556c    00000050     interrupt.obj (.const:g_pulRegs)
                  000055bc    00000024     main.obj (.const:uartConfig)
                  000055e0    00000020     interrupt.obj (.const:g_pulPriority)
                  00005600    0000001c     gpio.obj (.const:GPIO_PORT_TO_INT)
                  0000561c    00000008     interrupt.obj (.const:g_pulDisRegs)
                  00005624    00000008     interrupt.obj (.const:g_pulEnRegs)
                  0000562c    00000008     interrupt.obj (.const:g_pulPendRegs)
                  00005634    00000008     interrupt.obj (.const:g_pulUnpendRegs)

.cinit     0    00005640    000000c8     
                  00005640    00000092     (.cinit..data.load) [load image, compression = lzss]
                  000056d2    00000002     --HOLE-- [fill = 0]
                  000056d4    0000000c     (__TI_handler_table)
                  000056e0    00000008     (.cinit..bss.load) [load image, compression = zero_init]
                  000056e8    00000008     (.cinit..vtable.load) [load image, compression = zero_init]
                  000056f0    00000018     (__TI_cinit_table)

.init_array 
*          0    00000000    00000000     UNINITIALIZED

.binit     0    00000000    00000000     

.vtable    0    20000000    000000e4     UNINITIALIZED
                  20000000    000000e4     interrupt.obj (.vtable)

.sysmem    0    200000e8    00000400     UNINITIALIZED
                  200000e8    00000010     rtsv7M4_T_le_v4SPD16_eabi.lib : memory.c.obj (.sysmem)
                  200000f8    000003f0     --HOLE--

.data      0    200004e8    0000021c     UNINITIALIZED
                  200004e8    000000f0     rtsv7M4_T_le_v4SPD16_eabi.lib : defs.c.obj (.data:_ftable)
                  200005d8    00000078                                   : host_device.c.obj (.data:_device)
                  20000650    00000050                                   : host_device.c.obj (.data:_stream)
                  200006a0    00000030     gpio.obj (.data:GPIO_PORT_TO_BASE)
                  200006d0    00000010     rtsv7M4_T_le_v4SPD16_eabi.lib : defs.c.obj (.data)
                  200006e0    0000000c                                   : exit.c.obj (.data:$O1$$)
                  200006ec    00000008                                   : _lock.c.obj (.data:$O1$$)
                  200006f4    00000008                                   : memory.c.obj (.data:$O1$$)
                  200006fc    00000004                                   : errno.c.obj (.data)
                  20000700    00000004     system_msp432p401r.obj (.data)

.bss       0    20000704    0000020d     UNINITIALIZED
                  20000704    00000120     rtsv7M4_T_le_v4SPD16_eabi.lib : trgmsg.c.obj (.bss:_CIOBUF_)
                  20000824    000000a0     (.common:__TI_tmpnams)
                  200008c4    00000008     cs.obj (.bss)
                  200008cc    00000008     (.common:parmbuf)
                  200008d4    00000004     (.common:day_tog)
                  200008d8    00000004     (.common:dayo)
                  200008dc    00000004     (.common:dayt)
                  200008e0    00000004     (.common:houro)
                  200008e4    00000004     (.common:hourt)
                  200008e8    00000004     (.common:mino)
                  200008ec    00000004     (.common:mint)
                  200008f0    00000004     (.common:month_tog)
                  200008f4    00000004     (.common:montho)
                  200008f8    00000004     (.common:montht)
                  200008fc    00000004     (.common:start)
                  20000900    00000004     (.common:togset)
                  20000904    00000004     (.common:year_tog)
                  20000908    00000004     (.common:yearo)
                  2000090c    00000004     (.common:yeart)
                  20000910    00000001     (.common:data)

.stack     0    2000fe00    00000200     UNINITIALIZED
                  2000fe00    00000004     rtsv7M4_T_le_v4SPD16_eabi.lib : boot_cortex_m.c.obj (.stack)
                  2000fe04    000001fc     --HOLE--

MODULE SUMMARY

       Module                        code    ro data   rw data
       ------                        ----    -------   -------
    .\
       rtc.obj                       1540    0         0      
       system_msp432p401r.obj        820     0         8      
       i2c1.obj                      372     0         0      
       main.obj                      124     36        120    
       imu.obj                       248     0         2      
       startup_msp432p401r_ccs.obj   14      228       0      
    +--+-----------------------------+-------+---------+---------+
       Total:                        3118    264       130    
                                                              
    .\MSP432P4xx\
       cs.obj                        3452    0         16     
       interrupt.obj                 1008    144       456    
       gpio.obj                      1152    28        96     
       uart.obj                      1052    0         0      
       sysctl.obj                    580     0         0      
       wdt_a.obj                     216     0         0      
       cpu.obj                       62      0         0      
    +--+-----------------------------+-------+---------+---------+
       Total:                        7522    172       568    
                                                              
    D:\CCS\ccs\tools\compiler\ti-cgt-arm_18.12.3.LTS\lib\rtsv7M4_T_le_v4SPD16_eabi.lib
       _printfi.c.obj                4851    0         0      
       defs.c.obj                    0       0         832    
       memory.c.obj                  676     0         16     
       trgmsg.c.obj                  108     0         576    
       fd_add_t2.asm.obj             438     0         0      
       host_device.c.obj             0       0         400    
       fd_div_t2.asm.obj             310     0         0      
       fputs.c.obj                   276     0         0      
       s_scalbn.c.obj                272     0         0      
       fd_cmp_t2.asm.obj             268     0         0      
       ctype.c.obj                   0       257       0      
       fd_mul_t2.asm.obj             252     0         0      
       setvbuf.c.obj                 220     0         0      
       memcpy_t2.asm.obj             156     0         0      
       ull_div_t2.asm.obj            150     0         0      
       fputc.c.obj                   140     0         0      
       memset_t2.asm.obj             122     0         0      
       fclose.c.obj                  116     0         0      
       getdevice.c.obj               116     0         0      
       hostopen.c.obj                96      0         16     
       printf.c.obj                  112     0         0      
       hostrename.c.obj              108     0         0      
       copy_decompress_lzss.c.obj    104     0         0      
       hostlseek.c.obj               104     0         0      
       exit.c.obj                    76      0         24     
       fseek.c.obj                   100     0         0      
       s_frexp.c.obj                 100     0         0      
       _io_perm.c.obj                98      0         0      
       close.c.obj                   92      0         0      
       hostread.c.obj                88      0         0      
       hostwrite.c.obj               88      0         0      
       ltoa.c.obj                    84      0         0      
       atoi.c.obj                    76      0         0      
       fflush.c.obj                  76      0         0      
       fd_toi_t2.asm.obj             72      0         0      
       autoinit.c.obj                68      0         0      
       hostclose.c.obj               68      0         0      
       hostunlink.c.obj              68      0         0      
       strncpy.c.obj                 54      0         0      
       boot_cortex_m.c.obj           52      0         0      
       fopen.c.obj                   52      0         0      
       i_tofd_t2.asm.obj             46      0         0      
       unlink.c.obj                  44      0         0      
       lseek.c.obj                   40      0         0      
       write.c.obj                   40      0         0      
       memchr.c.obj                  32      0         0      
       copy_zero_init.c.obj          28      0         0      
       memccpy.c.obj                 28      0         0      
       s_copysign.c.obj              26      0         0      
       strcmp.c.obj                  24      0         0      
       strchr.c.obj                  22      0         0      
       strcpy.c.obj                  20      0         0      
       strlen.c.obj                  20      0         0      
       _lock.c.obj                   2       0         16     
       wcslen.c.obj                  18      0         0      
       errno.c.obj                   8       0         8      
       copy_decompress_none.c.obj    14      0         0      
       pre_init.c.obj                4       0         0      
       div0.asm.obj                  2       0         0      
    +--+-----------------------------+-------+---------+---------+
       Total:                        10725   257       1888   
                                                              
       Heap:                         0       0         2048   
       Stack:                        0       0         1024   
       Linker Generated:             0       198       0      
    +--+-----------------------------+-------+---------+---------+
       Grand Total:                  21365   891       5658   


LINKER GENERATED COPY TABLES

__TI_cinit_table @ 000056f0 records: 3, size/record: 8, table size: 24
	.data: load addr=00005640, load size=00000092 bytes, run addr=200004e8, run size=0000021c bytes, compression=lzss
	.bss: load addr=000056e0, load size=00000008 bytes, run addr=20000704, run size=0000020d bytes, compression=zero_init
	.vtable: load addr=000056e8, load size=00000008 bytes, run addr=20000000, run size=000000e4 bytes, compression=zero_init


LINKER GENERATED HANDLER TABLE

__TI_handler_table @ 000056d4 records: 3, size/record: 4, table size: 12
	index: 0, handler: __TI_zero_init
	index: 1, handler: __TI_decompress_lzss
	index: 2, handler: __TI_decompress_none


GLOBAL SYMBOLS: SORTED ALPHABETICALLY BY Name 

address   name                                       
-------   ----                                       
00005445  ADC14_IRQHandler                           
00005445  AES256_IRQHandler                          
00005445  BusFault_Handler                           
00005465  C$$EXIT                                    
00005153  C$$IO$$                                    
00005445  COMP_E0_IRQHandler                         
00005445  COMP_E1_IRQHandler                         
0000511b  CPU_basepriGet                             
0000510d  CPU_basepriSet                             
000050e7  CPU_cpsid                                  
000050fd  CPU_cpsie                                  
000050f3  CPU_primask                                
00005109  CPU_wfi                                    
00005445  CS_IRQHandler                              
00000de5  CS_clearInterruptFlag                      
0000068d  CS_disableClockRequest                     
00000773  CS_disableDCOExternalResistor              
00000cb9  CS_disableFaultCounter                     
00000da3  CS_disableInterrupt                        
00000665  CS_enableClockRequest                      
000006d5  CS_enableDCOExternalResistor               
00000c8d  CS_enableFaultCounter                      
00000d81  CS_enableInterrupt                         
00000c25  CS_getACLK                                 
00000be5  CS_getBCLK                                 
0000086d  CS_getDCOFrequency                         
00000dcb  CS_getEnabledInterruptStatus               
00000c01  CS_getHSMCLK                               
00000dc5  CS_getInterruptStatus                      
00000c6b  CS_getMCLK                                 
00000c49  CS_getSMCLK                                
00000385  CS_initClockSignal                         
00000e07  CS_registerInterrupt                       
00000ce5  CS_resetFaultCounter                       
00000791  CS_setDCOCenteredFrequency                 
000006fd  CS_setDCOExternalResistorCalibration       
00000a0d  CS_setDCOFrequency                         
00000349  CS_setExternalClockSourceFrequency         
000006af  CS_setReferenceOscillatorFrequency         
00000d31  CS_startFaultCounter                       
00000489  CS_startHFXT                               
000004ad  CS_startHFXTWithTimeout                    
00000571  CS_startLFXT                               
00000595  CS_startLFXTWithTimeout                    
000007c9  CS_tuneDCOFrequency                        
00000e1b  CS_unregisterInterrupt                     
00005445  DMA_ERR_IRQHandler                         
00005445  DMA_INT0_IRQHandler                        
00005445  DMA_INT1_IRQHandler                        
00005445  DMA_INT2_IRQHandler                        
00005445  DMA_INT3_IRQHandler                        
00005445  DebugMon_Handler                           
00005445  Default_Handler                            
00005445  EUSCIA0_IRQHandler                         
00005445  EUSCIA1_IRQHandler                         
00005445  EUSCIA2_IRQHandler                         
00005445  EUSCIA3_IRQHandler                         
00005445  EUSCIB0_IRQHandler                         
00005445  EUSCIB1_IRQHandler                         
00005445  EUSCIB2_IRQHandler                         
00005445  EUSCIB3_IRQHandler                         
00005445  FLCTL_IRQHandler                           
00005445  FPU_IRQHandler                             
000021d7  GPIO_clearInterruptFlag                    
00002197  GPIO_disableInterrupt                      
00002175  GPIO_enableInterrupt                       
0000222f  GPIO_getEnabledInterruptStatus             
00002147  GPIO_getInputPinValue                      
000021b9  GPIO_getInterruptStatus                    
000021f9  GPIO_interruptEdgeSelect                   
000022ef  GPIO_registerInterrupt                     
00001eef  GPIO_setAsInputPin                         
000020a3  GPIO_setAsInputPinWithPullDownResistor     
000020f5  GPIO_setAsInputPinWithPullUpResistor       
00001eb5  GPIO_setAsOutputPin                        
00001fb9  GPIO_setAsPeripheralModuleFunctionInputPin 
00001f35  GPIO_setAsPeripheralModuleFunctionOutputPin
000022ab  GPIO_setDriveStrengthHigh                  
000022cd  GPIO_setDriveStrengthLow                   
0000203d  GPIO_setOutputHighOnPin                    
0000205f  GPIO_setOutputLowOnPin                     
00002081  GPIO_toggleOutputOnPin                     
0000230f  GPIO_unregisterInterrupt                   
00004f99  HOSTclose                                  
000049a5  HOSTlseek                                  
00004c09  HOSTopen                                   
00004cc5  HOSTread                                   
00004939  HOSTrename                                 
00004fdd  HOSTunlink                                 
00004d1d  HOSTwrite                                  
00005445  HardFault_Handler                          
00002913  Interrupt_disableInterrupt                 
00002763  Interrupt_disableMaster                    
00002b11  Interrupt_disableSleepOnIsrExit            
000028a1  Interrupt_enableInterrupt                  
00002753  Interrupt_enableMaster                     
00002aff  Interrupt_enableSleepOnIsrExit             
0000287b  Interrupt_getPriority                      
000027f3  Interrupt_getPriorityGrouping              
00002adf  Interrupt_getPriorityMask                  
00002af9  Interrupt_getVectorTableAddress            
00002985  Interrupt_isEnabled                        
00002a11  Interrupt_pendInterrupt                    
00002773  Interrupt_registerInterrupt                
0000282b  Interrupt_setPriority                      
000027d9  Interrupt_setPriorityGrouping              
00002acf  Interrupt_setPriorityMask                  
00002ae9  Interrupt_setVectorTableAddress            
00002a81  Interrupt_unpendInterrupt                  
000027c5  Interrupt_unregisterInterrupt              
00005445  MemManage_Handler                          
00005445  NMI_Handler                                
00005445  PCM_IRQHandler                             
00005445  PORT1_IRQHandler                           
00005445  PORT2_IRQHandler                           
00005445  PORT3_IRQHandler                           
00005445  PORT4_IRQHandler                           
00005445  PORT5_IRQHandler                           
00005445  PORT6_IRQHandler                           
00005445  PSS_IRQHandler                             
00005445  PendSV_Handler                             
00001e35  RTC_C_IRQHandler                           
00001e35  RTC_C_IRQHandler                           
00005439  Reset_Handler                              
00005445  SVC_Handler                                
000032d7  SysCtl_disableGlitchFilter                 
00003167  SysCtl_disableNMISource                    
0000326f  SysCtl_disablePeripheralAtCPUHalt          
000031b1  SysCtl_disableSRAMBank                     
00003235  SysCtl_disableSRAMBankRetention            
000032cb  SysCtl_enableGlitchFilter                  
0000317b  SysCtl_enableNMISource                     
0000325b  SysCtl_enablePeripheralAtCPUHalt           
00003195  SysCtl_enableSRAMBank                      
00003219  SysCtl_enableSRAMBankRetention             
00003161  SysCtl_getFlashSize                        
0000318f  SysCtl_getNMISourceStatus                  
0000315b  SysCtl_getSRAMSize                         
000030e5  SysCtl_getTLVInfo                          
000032e3  SysCtl_getTempCalibrationConstant          
00003251  SysCtl_rebootDevice                        
000032a7  SysCtl_setWDTPasswordViolationResetType    
00003283  SysCtl_setWDTTimeoutResetType              
00005445  SysTick_Handler                            
20000700  SystemCoreClock                            
00002b41  SystemCoreClockUpdate                      
00002db9  SystemInit                                 
00005445  T32_INT1_IRQHandler                        
00005445  T32_INT2_IRQHandler                        
00005445  T32_INTC_IRQHandler                        
00005445  TA0_0_IRQHandler                           
00005445  TA0_N_IRQHandler                           
00005445  TA1_0_IRQHandler                           
00005445  TA1_N_IRQHandler                           
00005445  TA2_0_IRQHandler                           
00005445  TA2_N_IRQHandler                           
00005445  TA3_0_IRQHandler                           
00005445  TA3_N_IRQHandler                           
00002649  UART_clearInterruptFlag                    
000025a1  UART_disableInterrupt                      
00002483  UART_disableModule                         
00002571  UART_enableInterrupt                       
0000246d  UART_enableModule                          
000025ed  UART_getEnabledInterruptStatus             
000025d1  UART_getInterruptStatus                    
00002539  UART_getReceiveBufferAddressForDMA         
00002547  UART_getTransmitBufferAddressForDMA        
00002335  UART_initModule                            
00002499  UART_queryStatusFlags                      
00002447  UART_receiveData                           
00002669  UART_registerInterrupt                     
000024c1  UART_resetDormant                          
00002555  UART_selectDeglitchTime                    
000024ad  UART_setDormant                            
000024d5  UART_transmitAddress                       
000024f3  UART_transmitBreak                         
0000241d  UART_transmitData                          
000026e5  UART_unregisterInterrupt                   
00005445  UsageFault_Handler                         
4000480c  WDTCTL_SYM                                 
00005445  WDT_A_IRQHandler                           
000042cd  WDT_A_clearTimer                           
0000428d  WDT_A_holdTimer                            
00004309  WDT_A_initIntervalTimer                    
000042ed  WDT_A_initWatchdogTimer                    
0000433d  WDT_A_registerInterrupt                    
00004325  WDT_A_setPasswordViolationReset            
00004331  WDT_A_setTimeoutReset                      
000042ad  WDT_A_startTimer                           
00004351  WDT_A_unregisterInterrupt                  
20000704  __CIOBUF_                                  
20010000  __STACK_END                                
00000200  __STACK_SIZE                               
00000400  __SYSMEM_SIZE                              
000056f0  __TI_CINIT_Base                            
00005708  __TI_CINIT_Limit                           
000056d4  __TI_Handler_Table_Base                    
000056e0  __TI_Handler_Table_Limit                   
00005021  __TI_auto_init_nobinit_nopinit             
00005195  __TI_cleanup                               
200006e0  __TI_cleanup_ptr                           
00004855  __TI_closefile                             
00004a0d  __TI_decompress_lzss                       
0000542b  __TI_decompress_none                       
00004e71  __TI_doflush                               
200006e4  __TI_dtors_ptr                             
200006e8  __TI_enable_exit_profile_output            
200006d0  __TI_ft_end                                
ffffffff  __TI_pprof_out_hndl                        
00000e61  __TI_printfi                               
ffffffff  __TI_prof_data_size                        
ffffffff  __TI_prof_data_start                       
000051c9  __TI_readmsg                               
00000000  __TI_static_base__                         
20000824  __TI_tmpnams                               
00005125  __TI_writemsg                              
00004ba5  __TI_wrt_ok                                
00005355  __TI_zero_init_nomemset                    
000045d5  __aeabi_cdcmpeq                            
000045d5  __aeabi_cdcmple                            
0000465b  __aeabi_cdrcmple                           
00004f51  __aeabi_d2iz                               
00003503  __aeabi_dadd                               
00003961  __aeabi_ddiv                               
00003de1  __aeabi_dmul                               
000034f9  __aeabi_dsub                               
00005449  __aeabi_errno_addr                         
00005261  __aeabi_i2d                                
000036af  __aeabi_idiv0                              
000036af  __aeabi_ldiv0                              
000047d9  __aeabi_memclr                             
000047d9  __aeabi_memclr4                            
000047d9  __aeabi_memclr8                            
00004417  __aeabi_memcpy                             
00004417  __aeabi_memcpy4                            
00004417  __aeabi_memcpy8                            
000047db  __aeabi_memset                             
000047db  __aeabi_memset4                            
000047db  __aeabi_memset8                            
200006dc  __aeabi_stderr                             
200006d4  __aeabi_stdin                              
200006d8  __aeabi_stdout                             
000044b3  __aeabi_uldivmod                           
ffffffff  __binit__                                  
ffffffff  __c_args__                                 
UNDEFED   __mpu_init                                 
2000fe00  __stack                                    
000051fd  _c_int00_noargs                            
00005468  _ctypes_                                   
200005d8  _device                                    
200004e8  _ftable                                    
200006ec  _lock                                      
000018af  _nop                                       
20000650  _stream                                    
200000e8  _sys_memory                                
UNDEFED   _system_post_cinit                         
00005461  _system_pre_init                           
200006f0  _unlock                                    
00005465  abort                                      
00003f61  accelerometer_x_axis                       
00003fd5  aligned_alloc                              
00004ebd  atoi                                       
ffffffff  binit                                      
00004c69  close                                      
000036b1  config_i2c                                 
00003edd  config_imu                                 
000018b1  config_rtc                                 
000053a9  copysign                                   
000053a9  copysignl                                  
000019d5  counter                                    
20000910  data                                       
200008d4  day_tog                                    
200008d8  dayo                                       
200008dc  dayt                                       
00001cd7  display                                    
200006fc  errno                                      
00004f09  exit                                       
00005231  finddevice                                 
00004549  fputc                                      
00003bbd  fputs                                      
000040c9  free                                       
00004add  frexp                                      
00004add  frexpl                                     
00004b41  fseek                                      
20000000  g_pfnRAMVectors                            
00005065  getdevice                                  
200008e0  houro                                      
200008e4  hourt                                      
0000193f  init_toggle                                
00000000  interruptVectors                           
00003cd1  ldexp                                      
00003cd1  ldexpl                                     
000052e5  lseek                                      
00004dcb  ltoa                                       
000046e1  main                                       
00005451  malloc                                     
00003fd5  memalign                                   
0000538d  memccpy                                    
00005335  memchr                                     
00004417  memcpy                                     
000047e1  memset                                     
200008e8  mino                                       
200008ec  mint                                       
200008f0  month_tog                                  
200008f4  montho                                     
200008f8  montht                                     
200008cc  parmbuf                                    
00004a75  printf                                     
00004549  putc                                       
000036f1  read_register                              
00005291  remove                                     
00003cd1  scalbn                                     
00003cd1  scalbnl                                    
000041b1  setvbuf                                    
200008fc  start                                      
000053db  strchr                                     
000053c3  strcmp                                     
000053f1  strcpy                                     
00005405  strlen                                     
0000515d  strncpy                                    
20000900  togset                                     
000055bc  uartConfig                                 
00005291  unlink                                     
00005419  wcslen                                     
0000530d  write                                      
00003791  write_register                             
20000904  year_tog                                   
20000908  yearo                                      
2000090c  yeart                                      


GLOBAL SYMBOLS: SORTED BY Symbol Address 

address   name                                       
-------   ----                                       
00000000  __TI_static_base__                         
00000000  interruptVectors                           
00000200  __STACK_SIZE                               
00000349  CS_setExternalClockSourceFrequency         
00000385  CS_initClockSignal                         
00000400  __SYSMEM_SIZE                              
00000489  CS_startHFXT                               
000004ad  CS_startHFXTWithTimeout                    
00000571  CS_startLFXT                               
00000595  CS_startLFXTWithTimeout                    
00000665  CS_enableClockRequest                      
0000068d  CS_disableClockRequest                     
000006af  CS_setReferenceOscillatorFrequency         
000006d5  CS_enableDCOExternalResistor               
000006fd  CS_setDCOExternalResistorCalibration       
00000773  CS_disableDCOExternalResistor              
00000791  CS_setDCOCenteredFrequency                 
000007c9  CS_tuneDCOFrequency                        
0000086d  CS_getDCOFrequency                         
00000a0d  CS_setDCOFrequency                         
00000be5  CS_getBCLK                                 
00000c01  CS_getHSMCLK                               
00000c25  CS_getACLK                                 
00000c49  CS_getSMCLK                                
00000c6b  CS_getMCLK                                 
00000c8d  CS_enableFaultCounter                      
00000cb9  CS_disableFaultCounter                     
00000ce5  CS_resetFaultCounter                       
00000d31  CS_startFaultCounter                       
00000d81  CS_enableInterrupt                         
00000da3  CS_disableInterrupt                        
00000dc5  CS_getInterruptStatus                      
00000dcb  CS_getEnabledInterruptStatus               
00000de5  CS_clearInterruptFlag                      
00000e07  CS_registerInterrupt                       
00000e1b  CS_unregisterInterrupt                     
00000e61  __TI_printfi                               
000018af  _nop                                       
000018b1  config_rtc                                 
0000193f  init_toggle                                
000019d5  counter                                    
00001cd7  display                                    
00001e35  RTC_C_IRQHandler                           
00001e35  RTC_C_IRQHandler                           
00001eb5  GPIO_setAsOutputPin                        
00001eef  GPIO_setAsInputPin                         
00001f35  GPIO_setAsPeripheralModuleFunctionOutputPin
00001fb9  GPIO_setAsPeripheralModuleFunctionInputPin 
0000203d  GPIO_setOutputHighOnPin                    
0000205f  GPIO_setOutputLowOnPin                     
00002081  GPIO_toggleOutputOnPin                     
000020a3  GPIO_setAsInputPinWithPullDownResistor     
000020f5  GPIO_setAsInputPinWithPullUpResistor       
00002147  GPIO_getInputPinValue                      
00002175  GPIO_enableInterrupt                       
00002197  GPIO_disableInterrupt                      
000021b9  GPIO_getInterruptStatus                    
000021d7  GPIO_clearInterruptFlag                    
000021f9  GPIO_interruptEdgeSelect                   
0000222f  GPIO_getEnabledInterruptStatus             
000022ab  GPIO_setDriveStrengthHigh                  
000022cd  GPIO_setDriveStrengthLow                   
000022ef  GPIO_registerInterrupt                     
0000230f  GPIO_unregisterInterrupt                   
00002335  UART_initModule                            
0000241d  UART_transmitData                          
00002447  UART_receiveData                           
0000246d  UART_enableModule                          
00002483  UART_disableModule                         
00002499  UART_queryStatusFlags                      
000024ad  UART_setDormant                            
000024c1  UART_resetDormant                          
000024d5  UART_transmitAddress                       
000024f3  UART_transmitBreak                         
00002539  UART_getReceiveBufferAddressForDMA         
00002547  UART_getTransmitBufferAddressForDMA        
00002555  UART_selectDeglitchTime                    
00002571  UART_enableInterrupt                       
000025a1  UART_disableInterrupt                      
000025d1  UART_getInterruptStatus                    
000025ed  UART_getEnabledInterruptStatus             
00002649  UART_clearInterruptFlag                    
00002669  UART_registerInterrupt                     
000026e5  UART_unregisterInterrupt                   
00002753  Interrupt_enableMaster                     
00002763  Interrupt_disableMaster                    
00002773  Interrupt_registerInterrupt                
000027c5  Interrupt_unregisterInterrupt              
000027d9  Interrupt_setPriorityGrouping              
000027f3  Interrupt_getPriorityGrouping              
0000282b  Interrupt_setPriority                      
0000287b  Interrupt_getPriority                      
000028a1  Interrupt_enableInterrupt                  
00002913  Interrupt_disableInterrupt                 
00002985  Interrupt_isEnabled                        
00002a11  Interrupt_pendInterrupt                    
00002a81  Interrupt_unpendInterrupt                  
00002acf  Interrupt_setPriorityMask                  
00002adf  Interrupt_getPriorityMask                  
00002ae9  Interrupt_setVectorTableAddress            
00002af9  Interrupt_getVectorTableAddress            
00002aff  Interrupt_enableSleepOnIsrExit             
00002b11  Interrupt_disableSleepOnIsrExit            
00002b41  SystemCoreClockUpdate                      
00002db9  SystemInit                                 
000030e5  SysCtl_getTLVInfo                          
0000315b  SysCtl_getSRAMSize                         
00003161  SysCtl_getFlashSize                        
00003167  SysCtl_disableNMISource                    
0000317b  SysCtl_enableNMISource                     
0000318f  SysCtl_getNMISourceStatus                  
00003195  SysCtl_enableSRAMBank                      
000031b1  SysCtl_disableSRAMBank                     
00003219  SysCtl_enableSRAMBankRetention             
00003235  SysCtl_disableSRAMBankRetention            
00003251  SysCtl_rebootDevice                        
0000325b  SysCtl_enablePeripheralAtCPUHalt           
0000326f  SysCtl_disablePeripheralAtCPUHalt          
00003283  SysCtl_setWDTTimeoutResetType              
000032a7  SysCtl_setWDTPasswordViolationResetType    
000032cb  SysCtl_enableGlitchFilter                  
000032d7  SysCtl_disableGlitchFilter                 
000032e3  SysCtl_getTempCalibrationConstant          
000034f9  __aeabi_dsub                               
00003503  __aeabi_dadd                               
000036af  __aeabi_idiv0                              
000036af  __aeabi_ldiv0                              
000036b1  config_i2c                                 
000036f1  read_register                              
00003791  write_register                             
00003961  __aeabi_ddiv                               
00003bbd  fputs                                      
00003cd1  ldexp                                      
00003cd1  ldexpl                                     
00003cd1  scalbn                                     
00003cd1  scalbnl                                    
00003de1  __aeabi_dmul                               
00003edd  config_imu                                 
00003f61  accelerometer_x_axis                       
00003fd5  aligned_alloc                              
00003fd5  memalign                                   
000040c9  free                                       
000041b1  setvbuf                                    
0000428d  WDT_A_holdTimer                            
000042ad  WDT_A_startTimer                           
000042cd  WDT_A_clearTimer                           
000042ed  WDT_A_initWatchdogTimer                    
00004309  WDT_A_initIntervalTimer                    
00004325  WDT_A_setPasswordViolationReset            
00004331  WDT_A_setTimeoutReset                      
0000433d  WDT_A_registerInterrupt                    
00004351  WDT_A_unregisterInterrupt                  
00004417  __aeabi_memcpy                             
00004417  __aeabi_memcpy4                            
00004417  __aeabi_memcpy8                            
00004417  memcpy                                     
000044b3  __aeabi_uldivmod                           
00004549  fputc                                      
00004549  putc                                       
000045d5  __aeabi_cdcmpeq                            
000045d5  __aeabi_cdcmple                            
0000465b  __aeabi_cdrcmple                           
000046e1  main                                       
000047d9  __aeabi_memclr                             
000047d9  __aeabi_memclr4                            
000047d9  __aeabi_memclr8                            
000047db  __aeabi_memset                             
000047db  __aeabi_memset4                            
000047db  __aeabi_memset8                            
000047e1  memset                                     
00004855  __TI_closefile                             
00004939  HOSTrename                                 
000049a5  HOSTlseek                                  
00004a0d  __TI_decompress_lzss                       
00004a75  printf                                     
00004add  frexp                                      
00004add  frexpl                                     
00004b41  fseek                                      
00004ba5  __TI_wrt_ok                                
00004c09  HOSTopen                                   
00004c69  close                                      
00004cc5  HOSTread                                   
00004d1d  HOSTwrite                                  
00004dcb  ltoa                                       
00004e71  __TI_doflush                               
00004ebd  atoi                                       
00004f09  exit                                       
00004f51  __aeabi_d2iz                               
00004f99  HOSTclose                                  
00004fdd  HOSTunlink                                 
00005021  __TI_auto_init_nobinit_nopinit             
00005065  getdevice                                  
000050e7  CPU_cpsid                                  
000050f3  CPU_primask                                
000050fd  CPU_cpsie                                  
00005109  CPU_wfi                                    
0000510d  CPU_basepriSet                             
0000511b  CPU_basepriGet                             
00005125  __TI_writemsg                              
00005153  C$$IO$$                                    
0000515d  strncpy                                    
00005195  __TI_cleanup                               
000051c9  __TI_readmsg                               
000051fd  _c_int00_noargs                            
00005231  finddevice                                 
00005261  __aeabi_i2d                                
00005291  remove                                     
00005291  unlink                                     
000052e5  lseek                                      
0000530d  write                                      
00005335  memchr                                     
00005355  __TI_zero_init_nomemset                    
0000538d  memccpy                                    
000053a9  copysign                                   
000053a9  copysignl                                  
000053c3  strcmp                                     
000053db  strchr                                     
000053f1  strcpy                                     
00005405  strlen                                     
00005419  wcslen                                     
0000542b  __TI_decompress_none                       
00005439  Reset_Handler                              
00005445  ADC14_IRQHandler                           
00005445  AES256_IRQHandler                          
00005445  BusFault_Handler                           
00005445  COMP_E0_IRQHandler                         
00005445  COMP_E1_IRQHandler                         
00005445  CS_IRQHandler                              
00005445  DMA_ERR_IRQHandler                         
00005445  DMA_INT0_IRQHandler                        
00005445  DMA_INT1_IRQHandler                        
00005445  DMA_INT2_IRQHandler                        
00005445  DMA_INT3_IRQHandler                        
00005445  DebugMon_Handler                           
00005445  Default_Handler                            
00005445  EUSCIA0_IRQHandler                         
00005445  EUSCIA1_IRQHandler                         
00005445  EUSCIA2_IRQHandler                         
00005445  EUSCIA3_IRQHandler                         
00005445  EUSCIB0_IRQHandler                         
00005445  EUSCIB1_IRQHandler                         
00005445  EUSCIB2_IRQHandler                         
00005445  EUSCIB3_IRQHandler                         
00005445  FLCTL_IRQHandler                           
00005445  FPU_IRQHandler                             
00005445  HardFault_Handler                          
00005445  MemManage_Handler                          
00005445  NMI_Handler                                
00005445  PCM_IRQHandler                             
00005445  PORT1_IRQHandler                           
00005445  PORT2_IRQHandler                           
00005445  PORT3_IRQHandler                           
00005445  PORT4_IRQHandler                           
00005445  PORT5_IRQHandler                           
00005445  PORT6_IRQHandler                           
00005445  PSS_IRQHandler                             
00005445  PendSV_Handler                             
00005445  SVC_Handler                                
00005445  SysTick_Handler                            
00005445  T32_INT1_IRQHandler                        
00005445  T32_INT2_IRQHandler                        
00005445  T32_INTC_IRQHandler                        
00005445  TA0_0_IRQHandler                           
00005445  TA0_N_IRQHandler                           
00005445  TA1_0_IRQHandler                           
00005445  TA1_N_IRQHandler                           
00005445  TA2_0_IRQHandler                           
00005445  TA2_N_IRQHandler                           
00005445  TA3_0_IRQHandler                           
00005445  TA3_N_IRQHandler                           
00005445  UsageFault_Handler                         
00005445  WDT_A_IRQHandler                           
00005449  __aeabi_errno_addr                         
00005451  malloc                                     
00005461  _system_pre_init                           
00005465  C$$EXIT                                    
00005465  abort                                      
00005468  _ctypes_                                   
000055bc  uartConfig                                 
000056d4  __TI_Handler_Table_Base                    
000056e0  __TI_Handler_Table_Limit                   
000056f0  __TI_CINIT_Base                            
00005708  __TI_CINIT_Limit                           
20000000  g_pfnRAMVectors                            
200000e8  _sys_memory                                
200004e8  _ftable                                    
200005d8  _device                                    
20000650  _stream                                    
200006d0  __TI_ft_end                                
200006d4  __aeabi_stdin                              
200006d8  __aeabi_stdout                             
200006dc  __aeabi_stderr                             
200006e0  __TI_cleanup_ptr                           
200006e4  __TI_dtors_ptr                             
200006e8  __TI_enable_exit_profile_output            
200006ec  _lock                                      
200006f0  _unlock                                    
200006fc  errno                                      
20000700  SystemCoreClock                            
20000704  __CIOBUF_                                  
20000824  __TI_tmpnams                               
200008cc  parmbuf                                    
200008d4  day_tog                                    
200008d8  dayo                                       
200008dc  dayt                                       
200008e0  houro                                      
200008e4  hourt                                      
200008e8  mino                                       
200008ec  mint                                       
200008f0  month_tog                                  
200008f4  montho                                     
200008f8  montht                                     
200008fc  start                                      
20000900  togset                                     
20000904  year_tog                                   
20000908  yearo                                      
2000090c  yeart                                      
20000910  data                                       
2000fe00  __stack                                    
20010000  __STACK_END                                
4000480c  WDTCTL_SYM                                 
ffffffff  __TI_pprof_out_hndl                        
ffffffff  __TI_prof_data_size                        
ffffffff  __TI_prof_data_start                       
ffffffff  __binit__                                  
ffffffff  __c_args__                                 
ffffffff  binit                                      
UNDEFED   __mpu_init                                 
UNDEFED   _system_post_cinit                         

[329 symbols]
