<?xml version="1.0" encoding="ISO-8859-1" ?>
<link_info>
   <banner>TI ARM Linker PC v18.12.3.LTS</banner>
   <copyright>Copyright (c) 1996-2018 Texas Instruments Incorporated</copyright>
   <link_time>0x5df85fbd</link_time>
   <link_errors>0x0</link_errors>
   <output_file>Final.out</output_file>
   <entry_point>
      <name>_c_int00_noargs</name>
      <address>0x51fd</address>
   </entry_point>
   <input_file_list>
      <input_file id="fl-2">
         <path>.\</path>
         <kind>object</kind>
         <file>i2c1.obj</file>
         <name>i2c1.obj</name>
      </input_file>
      <input_file id="fl-3">
         <path>.\</path>
         <kind>object</kind>
         <file>imu.obj</file>
         <name>imu.obj</name>
      </input_file>
      <input_file id="fl-4">
         <path>.\</path>
         <kind>object</kind>
         <file>main.obj</file>
         <name>main.obj</name>
      </input_file>
      <input_file id="fl-5">
         <path>.\</path>
         <kind>object</kind>
         <file>rtc.obj</file>
         <name>rtc.obj</name>
      </input_file>
      <input_file id="fl-6">
         <path>.\</path>
         <kind>object</kind>
         <file>startup_msp432p401r_ccs.obj</file>
         <name>startup_msp432p401r_ccs.obj</name>
      </input_file>
      <input_file id="fl-7">
         <path>.\</path>
         <kind>object</kind>
         <file>system_msp432p401r.obj</file>
         <name>system_msp432p401r.obj</name>
      </input_file>
      <input_file id="fl-8">
         <path>.\MSP432P4xx\</path>
         <kind>object</kind>
         <file>adc14.obj</file>
         <name>adc14.obj</name>
      </input_file>
      <input_file id="fl-9">
         <path>.\MSP432P4xx\</path>
         <kind>object</kind>
         <file>aes256.obj</file>
         <name>aes256.obj</name>
      </input_file>
      <input_file id="fl-a">
         <path>.\MSP432P4xx\</path>
         <kind>object</kind>
         <file>comp_e.obj</file>
         <name>comp_e.obj</name>
      </input_file>
      <input_file id="fl-b">
         <path>.\MSP432P4xx\</path>
         <kind>object</kind>
         <file>cpu.obj</file>
         <name>cpu.obj</name>
      </input_file>
      <input_file id="fl-c">
         <path>.\MSP432P4xx\</path>
         <kind>object</kind>
         <file>crc32.obj</file>
         <name>crc32.obj</name>
      </input_file>
      <input_file id="fl-d">
         <path>.\MSP432P4xx\</path>
         <kind>object</kind>
         <file>cs.obj</file>
         <name>cs.obj</name>
      </input_file>
      <input_file id="fl-e">
         <path>.\MSP432P4xx\</path>
         <kind>object</kind>
         <file>dma.obj</file>
         <name>dma.obj</name>
      </input_file>
      <input_file id="fl-f">
         <path>.\MSP432P4xx\</path>
         <kind>object</kind>
         <file>flash.obj</file>
         <name>flash.obj</name>
      </input_file>
      <input_file id="fl-10">
         <path>.\MSP432P4xx\</path>
         <kind>object</kind>
         <file>fpu.obj</file>
         <name>fpu.obj</name>
      </input_file>
      <input_file id="fl-11">
         <path>.\MSP432P4xx\</path>
         <kind>object</kind>
         <file>gpio.obj</file>
         <name>gpio.obj</name>
      </input_file>
      <input_file id="fl-12">
         <path>.\MSP432P4xx\</path>
         <kind>object</kind>
         <file>i2c.obj</file>
         <name>i2c.obj</name>
      </input_file>
      <input_file id="fl-13">
         <path>.\MSP432P4xx\</path>
         <kind>object</kind>
         <file>interrupt.obj</file>
         <name>interrupt.obj</name>
      </input_file>
      <input_file id="fl-14">
         <path>.\MSP432P4xx\</path>
         <kind>object</kind>
         <file>mpu.obj</file>
         <name>mpu.obj</name>
      </input_file>
      <input_file id="fl-15">
         <path>.\MSP432P4xx\</path>
         <kind>object</kind>
         <file>pcm.obj</file>
         <name>pcm.obj</name>
      </input_file>
      <input_file id="fl-16">
         <path>.\MSP432P4xx\</path>
         <kind>object</kind>
         <file>pmap.obj</file>
         <name>pmap.obj</name>
      </input_file>
      <input_file id="fl-17">
         <path>.\MSP432P4xx\</path>
         <kind>object</kind>
         <file>pss.obj</file>
         <name>pss.obj</name>
      </input_file>
      <input_file id="fl-18">
         <path>.\MSP432P4xx\</path>
         <kind>object</kind>
         <file>ref_a.obj</file>
         <name>ref_a.obj</name>
      </input_file>
      <input_file id="fl-19">
         <path>.\MSP432P4xx\</path>
         <kind>object</kind>
         <file>reset.obj</file>
         <name>reset.obj</name>
      </input_file>
      <input_file id="fl-1a">
         <path>.\MSP432P4xx\</path>
         <kind>object</kind>
         <file>rtc_c.obj</file>
         <name>rtc_c.obj</name>
      </input_file>
      <input_file id="fl-1b">
         <path>.\MSP432P4xx\</path>
         <kind>object</kind>
         <file>spi.obj</file>
         <name>spi.obj</name>
      </input_file>
      <input_file id="fl-1c">
         <path>.\MSP432P4xx\</path>
         <kind>object</kind>
         <file>sysctl.obj</file>
         <name>sysctl.obj</name>
      </input_file>
      <input_file id="fl-1d">
         <path>.\MSP432P4xx\</path>
         <kind>object</kind>
         <file>systick.obj</file>
         <name>systick.obj</name>
      </input_file>
      <input_file id="fl-1e">
         <path>.\MSP432P4xx\</path>
         <kind>object</kind>
         <file>timer32.obj</file>
         <name>timer32.obj</name>
      </input_file>
      <input_file id="fl-1f">
         <path>.\MSP432P4xx\</path>
         <kind>object</kind>
         <file>timer_a.obj</file>
         <name>timer_a.obj</name>
      </input_file>
      <input_file id="fl-20">
         <path>.\MSP432P4xx\</path>
         <kind>object</kind>
         <file>uart.obj</file>
         <name>uart.obj</name>
      </input_file>
      <input_file id="fl-21">
         <path>.\MSP432P4xx\</path>
         <kind>object</kind>
         <file>wdt_a.obj</file>
         <name>wdt_a.obj</name>
      </input_file>
      <input_file id="fl-29">
         <kind>object</kind>
         <file>&lt;internal&gt;</file>
         <name>&lt;internal&gt;</name>
      </input_file>
      <input_file id="fl-df">
         <path>D:\CCS\ccs\tools\compiler\ti-cgt-arm_18.12.3.LTS\lib\</path>
         <kind>archive</kind>
         <file>rtsv7M4_T_le_v4SPD16_eabi.lib</file>
         <name>printf.c.obj</name>
      </input_file>
      <input_file id="fl-e0">
         <path>D:\CCS\ccs\tools\compiler\ti-cgt-arm_18.12.3.LTS\lib\</path>
         <kind>archive</kind>
         <file>rtsv7M4_T_le_v4SPD16_eabi.lib</file>
         <name>_printfi.c.obj</name>
      </input_file>
      <input_file id="fl-e1">
         <path>D:\CCS\ccs\tools\compiler\ti-cgt-arm_18.12.3.LTS\lib\</path>
         <kind>archive</kind>
         <file>rtsv7M4_T_le_v4SPD16_eabi.lib</file>
         <name>fputc.c.obj</name>
      </input_file>
      <input_file id="fl-e2">
         <path>D:\CCS\ccs\tools\compiler\ti-cgt-arm_18.12.3.LTS\lib\</path>
         <kind>archive</kind>
         <file>rtsv7M4_T_le_v4SPD16_eabi.lib</file>
         <name>fputs.c.obj</name>
      </input_file>
      <input_file id="fl-e3">
         <path>D:\CCS\ccs\tools\compiler\ti-cgt-arm_18.12.3.LTS\lib\</path>
         <kind>archive</kind>
         <file>rtsv7M4_T_le_v4SPD16_eabi.lib</file>
         <name>_io_perm.c.obj</name>
      </input_file>
      <input_file id="fl-e4">
         <path>D:\CCS\ccs\tools\compiler\ti-cgt-arm_18.12.3.LTS\lib\</path>
         <kind>archive</kind>
         <file>rtsv7M4_T_le_v4SPD16_eabi.lib</file>
         <name>setvbuf.c.obj</name>
      </input_file>
      <input_file id="fl-e5">
         <path>D:\CCS\ccs\tools\compiler\ti-cgt-arm_18.12.3.LTS\lib\</path>
         <kind>archive</kind>
         <file>rtsv7M4_T_le_v4SPD16_eabi.lib</file>
         <name>wcslen.c.obj</name>
      </input_file>
      <input_file id="fl-e6">
         <path>D:\CCS\ccs\tools\compiler\ti-cgt-arm_18.12.3.LTS\lib\</path>
         <kind>archive</kind>
         <file>rtsv7M4_T_le_v4SPD16_eabi.lib</file>
         <name>ull_div_t2.asm.obj</name>
      </input_file>
      <input_file id="fl-e7">
         <path>D:\CCS\ccs\tools\compiler\ti-cgt-arm_18.12.3.LTS\lib\</path>
         <kind>archive</kind>
         <file>rtsv7M4_T_le_v4SPD16_eabi.lib</file>
         <name>memset_t2.asm.obj</name>
      </input_file>
      <input_file id="fl-e8">
         <path>D:\CCS\ccs\tools\compiler\ti-cgt-arm_18.12.3.LTS\lib\</path>
         <kind>archive</kind>
         <file>rtsv7M4_T_le_v4SPD16_eabi.lib</file>
         <name>fd_add_t2.asm.obj</name>
      </input_file>
      <input_file id="fl-e9">
         <path>D:\CCS\ccs\tools\compiler\ti-cgt-arm_18.12.3.LTS\lib\</path>
         <kind>archive</kind>
         <file>rtsv7M4_T_le_v4SPD16_eabi.lib</file>
         <name>fd_cmp_t2.asm.obj</name>
      </input_file>
      <input_file id="fl-ea">
         <path>D:\CCS\ccs\tools\compiler\ti-cgt-arm_18.12.3.LTS\lib\</path>
         <kind>archive</kind>
         <file>rtsv7M4_T_le_v4SPD16_eabi.lib</file>
         <name>fd_div_t2.asm.obj</name>
      </input_file>
      <input_file id="fl-eb">
         <path>D:\CCS\ccs\tools\compiler\ti-cgt-arm_18.12.3.LTS\lib\</path>
         <kind>archive</kind>
         <file>rtsv7M4_T_le_v4SPD16_eabi.lib</file>
         <name>fd_mul_t2.asm.obj</name>
      </input_file>
      <input_file id="fl-ec">
         <path>D:\CCS\ccs\tools\compiler\ti-cgt-arm_18.12.3.LTS\lib\</path>
         <kind>archive</kind>
         <file>rtsv7M4_T_le_v4SPD16_eabi.lib</file>
         <name>fd_toi_t2.asm.obj</name>
      </input_file>
      <input_file id="fl-ed">
         <path>D:\CCS\ccs\tools\compiler\ti-cgt-arm_18.12.3.LTS\lib\</path>
         <kind>archive</kind>
         <file>rtsv7M4_T_le_v4SPD16_eabi.lib</file>
         <name>i_tofd_t2.asm.obj</name>
      </input_file>
      <input_file id="fl-ee">
         <path>D:\CCS\ccs\tools\compiler\ti-cgt-arm_18.12.3.LTS\lib\</path>
         <kind>archive</kind>
         <file>rtsv7M4_T_le_v4SPD16_eabi.lib</file>
         <name>memcpy_t2.asm.obj</name>
      </input_file>
      <input_file id="fl-ef">
         <path>D:\CCS\ccs\tools\compiler\ti-cgt-arm_18.12.3.LTS\lib\</path>
         <kind>archive</kind>
         <file>rtsv7M4_T_le_v4SPD16_eabi.lib</file>
         <name>copy_zero_init.c.obj</name>
      </input_file>
      <input_file id="fl-f0">
         <path>D:\CCS\ccs\tools\compiler\ti-cgt-arm_18.12.3.LTS\lib\</path>
         <kind>archive</kind>
         <file>rtsv7M4_T_le_v4SPD16_eabi.lib</file>
         <name>copy_decompress_none.c.obj</name>
      </input_file>
      <input_file id="fl-f1">
         <path>D:\CCS\ccs\tools\compiler\ti-cgt-arm_18.12.3.LTS\lib\</path>
         <kind>archive</kind>
         <file>rtsv7M4_T_le_v4SPD16_eabi.lib</file>
         <name>copy_decompress_lzss.c.obj</name>
      </input_file>
      <input_file id="fl-f2">
         <path>D:\CCS\ccs\tools\compiler\ti-cgt-arm_18.12.3.LTS\lib\</path>
         <kind>archive</kind>
         <file>rtsv7M4_T_le_v4SPD16_eabi.lib</file>
         <name>exit.c.obj</name>
      </input_file>
      <input_file id="fl-f3">
         <path>D:\CCS\ccs\tools\compiler\ti-cgt-arm_18.12.3.LTS\lib\</path>
         <kind>archive</kind>
         <file>rtsv7M4_T_le_v4SPD16_eabi.lib</file>
         <name>_lock.c.obj</name>
      </input_file>
      <input_file id="fl-f4">
         <path>D:\CCS\ccs\tools\compiler\ti-cgt-arm_18.12.3.LTS\lib\</path>
         <kind>archive</kind>
         <file>rtsv7M4_T_le_v4SPD16_eabi.lib</file>
         <name>atoi.c.obj</name>
      </input_file>
      <input_file id="fl-f5">
         <path>D:\CCS\ccs\tools\compiler\ti-cgt-arm_18.12.3.LTS\lib\</path>
         <kind>archive</kind>
         <file>rtsv7M4_T_le_v4SPD16_eabi.lib</file>
         <name>ctype.c.obj</name>
      </input_file>
      <input_file id="fl-f6">
         <path>D:\CCS\ccs\tools\compiler\ti-cgt-arm_18.12.3.LTS\lib\</path>
         <kind>archive</kind>
         <file>rtsv7M4_T_le_v4SPD16_eabi.lib</file>
         <name>defs.c.obj</name>
      </input_file>
      <input_file id="fl-f7">
         <path>D:\CCS\ccs\tools\compiler\ti-cgt-arm_18.12.3.LTS\lib\</path>
         <kind>archive</kind>
         <file>rtsv7M4_T_le_v4SPD16_eabi.lib</file>
         <name>ltoa.c.obj</name>
      </input_file>
      <input_file id="fl-f8">
         <path>D:\CCS\ccs\tools\compiler\ti-cgt-arm_18.12.3.LTS\lib\</path>
         <kind>archive</kind>
         <file>rtsv7M4_T_le_v4SPD16_eabi.lib</file>
         <name>memccpy.c.obj</name>
      </input_file>
      <input_file id="fl-f9">
         <path>D:\CCS\ccs\tools\compiler\ti-cgt-arm_18.12.3.LTS\lib\</path>
         <kind>archive</kind>
         <file>rtsv7M4_T_le_v4SPD16_eabi.lib</file>
         <name>memchr.c.obj</name>
      </input_file>
      <input_file id="fl-fa">
         <path>D:\CCS\ccs\tools\compiler\ti-cgt-arm_18.12.3.LTS\lib\</path>
         <kind>archive</kind>
         <file>rtsv7M4_T_le_v4SPD16_eabi.lib</file>
         <name>memory.c.obj</name>
      </input_file>
      <input_file id="fl-fb">
         <path>D:\CCS\ccs\tools\compiler\ti-cgt-arm_18.12.3.LTS\lib\</path>
         <kind>archive</kind>
         <file>rtsv7M4_T_le_v4SPD16_eabi.lib</file>
         <name>strchr.c.obj</name>
      </input_file>
      <input_file id="fl-fc">
         <path>D:\CCS\ccs\tools\compiler\ti-cgt-arm_18.12.3.LTS\lib\</path>
         <kind>archive</kind>
         <file>rtsv7M4_T_le_v4SPD16_eabi.lib</file>
         <name>strlen.c.obj</name>
      </input_file>
      <input_file id="fl-fd">
         <path>D:\CCS\ccs\tools\compiler\ti-cgt-arm_18.12.3.LTS\lib\</path>
         <kind>archive</kind>
         <file>rtsv7M4_T_le_v4SPD16_eabi.lib</file>
         <name>errno.c.obj</name>
      </input_file>
      <input_file id="fl-fe">
         <path>D:\CCS\ccs\tools\compiler\ti-cgt-arm_18.12.3.LTS\lib\</path>
         <kind>archive</kind>
         <file>rtsv7M4_T_le_v4SPD16_eabi.lib</file>
         <name>write.c.obj</name>
      </input_file>
      <input_file id="fl-ff">
         <path>D:\CCS\ccs\tools\compiler\ti-cgt-arm_18.12.3.LTS\lib\</path>
         <kind>archive</kind>
         <file>rtsv7M4_T_le_v4SPD16_eabi.lib</file>
         <name>host_device.c.obj</name>
      </input_file>
      <input_file id="fl-100">
         <path>D:\CCS\ccs\tools\compiler\ti-cgt-arm_18.12.3.LTS\lib\</path>
         <kind>archive</kind>
         <file>rtsv7M4_T_le_v4SPD16_eabi.lib</file>
         <name>boot_cortex_m.c.obj</name>
      </input_file>
      <input_file id="fl-101">
         <path>D:\CCS\ccs\tools\compiler\ti-cgt-arm_18.12.3.LTS\lib\</path>
         <kind>archive</kind>
         <file>rtsv7M4_T_le_v4SPD16_eabi.lib</file>
         <name>s_frexp.c.obj</name>
      </input_file>
      <input_file id="fl-102">
         <path>D:\CCS\ccs\tools\compiler\ti-cgt-arm_18.12.3.LTS\lib\</path>
         <kind>archive</kind>
         <file>rtsv7M4_T_le_v4SPD16_eabi.lib</file>
         <name>s_scalbn.c.obj</name>
      </input_file>
      <input_file id="fl-103">
         <path>D:\CCS\ccs\tools\compiler\ti-cgt-arm_18.12.3.LTS\lib\</path>
         <kind>archive</kind>
         <file>rtsv7M4_T_le_v4SPD16_eabi.lib</file>
         <name>fflush.c.obj</name>
      </input_file>
      <input_file id="fl-104">
         <path>D:\CCS\ccs\tools\compiler\ti-cgt-arm_18.12.3.LTS\lib\</path>
         <kind>archive</kind>
         <file>rtsv7M4_T_le_v4SPD16_eabi.lib</file>
         <name>fopen.c.obj</name>
      </input_file>
      <input_file id="fl-105">
         <path>D:\CCS\ccs\tools\compiler\ti-cgt-arm_18.12.3.LTS\lib\</path>
         <kind>archive</kind>
         <file>rtsv7M4_T_le_v4SPD16_eabi.lib</file>
         <name>fseek.c.obj</name>
      </input_file>
      <input_file id="fl-106">
         <path>D:\CCS\ccs\tools\compiler\ti-cgt-arm_18.12.3.LTS\lib\</path>
         <kind>archive</kind>
         <file>rtsv7M4_T_le_v4SPD16_eabi.lib</file>
         <name>div0.asm.obj</name>
      </input_file>
      <input_file id="fl-107">
         <path>D:\CCS\ccs\tools\compiler\ti-cgt-arm_18.12.3.LTS\lib\</path>
         <kind>archive</kind>
         <file>rtsv7M4_T_le_v4SPD16_eabi.lib</file>
         <name>autoinit.c.obj</name>
      </input_file>
      <input_file id="fl-108">
         <path>D:\CCS\ccs\tools\compiler\ti-cgt-arm_18.12.3.LTS\lib\</path>
         <kind>archive</kind>
         <file>rtsv7M4_T_le_v4SPD16_eabi.lib</file>
         <name>pre_init.c.obj</name>
      </input_file>
      <input_file id="fl-109">
         <path>D:\CCS\ccs\tools\compiler\ti-cgt-arm_18.12.3.LTS\lib\</path>
         <kind>archive</kind>
         <file>rtsv7M4_T_le_v4SPD16_eabi.lib</file>
         <name>cpy_tbl.c.obj</name>
      </input_file>
      <input_file id="fl-10a">
         <path>D:\CCS\ccs\tools\compiler\ti-cgt-arm_18.12.3.LTS\lib\</path>
         <kind>archive</kind>
         <file>rtsv7M4_T_le_v4SPD16_eabi.lib</file>
         <name>args_main.c.obj</name>
      </input_file>
      <input_file id="fl-10b">
         <path>D:\CCS\ccs\tools\compiler\ti-cgt-arm_18.12.3.LTS\lib\</path>
         <kind>archive</kind>
         <file>rtsv7M4_T_le_v4SPD16_eabi.lib</file>
         <name>hostclose.c.obj</name>
      </input_file>
      <input_file id="fl-10c">
         <path>D:\CCS\ccs\tools\compiler\ti-cgt-arm_18.12.3.LTS\lib\</path>
         <kind>archive</kind>
         <file>rtsv7M4_T_le_v4SPD16_eabi.lib</file>
         <name>hostlseek.c.obj</name>
      </input_file>
      <input_file id="fl-10d">
         <path>D:\CCS\ccs\tools\compiler\ti-cgt-arm_18.12.3.LTS\lib\</path>
         <kind>archive</kind>
         <file>rtsv7M4_T_le_v4SPD16_eabi.lib</file>
         <name>hostopen.c.obj</name>
      </input_file>
      <input_file id="fl-10e">
         <path>D:\CCS\ccs\tools\compiler\ti-cgt-arm_18.12.3.LTS\lib\</path>
         <kind>archive</kind>
         <file>rtsv7M4_T_le_v4SPD16_eabi.lib</file>
         <name>hostread.c.obj</name>
      </input_file>
      <input_file id="fl-10f">
         <path>D:\CCS\ccs\tools\compiler\ti-cgt-arm_18.12.3.LTS\lib\</path>
         <kind>archive</kind>
         <file>rtsv7M4_T_le_v4SPD16_eabi.lib</file>
         <name>hostrename.c.obj</name>
      </input_file>
      <input_file id="fl-110">
         <path>D:\CCS\ccs\tools\compiler\ti-cgt-arm_18.12.3.LTS\lib\</path>
         <kind>archive</kind>
         <file>rtsv7M4_T_le_v4SPD16_eabi.lib</file>
         <name>hostunlink.c.obj</name>
      </input_file>
      <input_file id="fl-111">
         <path>D:\CCS\ccs\tools\compiler\ti-cgt-arm_18.12.3.LTS\lib\</path>
         <kind>archive</kind>
         <file>rtsv7M4_T_le_v4SPD16_eabi.lib</file>
         <name>hostwrite.c.obj</name>
      </input_file>
      <input_file id="fl-112">
         <path>D:\CCS\ccs\tools\compiler\ti-cgt-arm_18.12.3.LTS\lib\</path>
         <kind>archive</kind>
         <file>rtsv7M4_T_le_v4SPD16_eabi.lib</file>
         <name>trgmsg.c.obj</name>
      </input_file>
      <input_file id="fl-113">
         <path>D:\CCS\ccs\tools\compiler\ti-cgt-arm_18.12.3.LTS\lib\</path>
         <kind>archive</kind>
         <file>rtsv7M4_T_le_v4SPD16_eabi.lib</file>
         <name>open.c.obj</name>
      </input_file>
      <input_file id="fl-114">
         <path>D:\CCS\ccs\tools\compiler\ti-cgt-arm_18.12.3.LTS\lib\</path>
         <kind>archive</kind>
         <file>rtsv7M4_T_le_v4SPD16_eabi.lib</file>
         <name>lseek.c.obj</name>
      </input_file>
      <input_file id="fl-115">
         <path>D:\CCS\ccs\tools\compiler\ti-cgt-arm_18.12.3.LTS\lib\</path>
         <kind>archive</kind>
         <file>rtsv7M4_T_le_v4SPD16_eabi.lib</file>
         <name>s_copysign.c.obj</name>
      </input_file>
      <input_file id="fl-116">
         <path>D:\CCS\ccs\tools\compiler\ti-cgt-arm_18.12.3.LTS\lib\</path>
         <kind>archive</kind>
         <file>rtsv7M4_T_le_v4SPD16_eabi.lib</file>
         <name>fclose.c.obj</name>
      </input_file>
      <input_file id="fl-117">
         <path>D:\CCS\ccs\tools\compiler\ti-cgt-arm_18.12.3.LTS\lib\</path>
         <kind>archive</kind>
         <file>rtsv7M4_T_le_v4SPD16_eabi.lib</file>
         <name>getdevice.c.obj</name>
      </input_file>
      <input_file id="fl-118">
         <path>D:\CCS\ccs\tools\compiler\ti-cgt-arm_18.12.3.LTS\lib\</path>
         <kind>archive</kind>
         <file>rtsv7M4_T_le_v4SPD16_eabi.lib</file>
         <name>strcmp.c.obj</name>
      </input_file>
      <input_file id="fl-119">
         <path>D:\CCS\ccs\tools\compiler\ti-cgt-arm_18.12.3.LTS\lib\</path>
         <kind>archive</kind>
         <file>rtsv7M4_T_le_v4SPD16_eabi.lib</file>
         <name>strcpy.c.obj</name>
      </input_file>
      <input_file id="fl-11a">
         <path>D:\CCS\ccs\tools\compiler\ti-cgt-arm_18.12.3.LTS\lib\</path>
         <kind>archive</kind>
         <file>rtsv7M4_T_le_v4SPD16_eabi.lib</file>
         <name>strncpy.c.obj</name>
      </input_file>
      <input_file id="fl-11b">
         <path>D:\CCS\ccs\tools\compiler\ti-cgt-arm_18.12.3.LTS\lib\</path>
         <kind>archive</kind>
         <file>rtsv7M4_T_le_v4SPD16_eabi.lib</file>
         <name>remove.c.obj</name>
      </input_file>
      <input_file id="fl-11c">
         <path>D:\CCS\ccs\tools\compiler\ti-cgt-arm_18.12.3.LTS\lib\</path>
         <kind>archive</kind>
         <file>rtsv7M4_T_le_v4SPD16_eabi.lib</file>
         <name>close.c.obj</name>
      </input_file>
      <input_file id="fl-11d">
         <path>D:\CCS\ccs\tools\compiler\ti-cgt-arm_18.12.3.LTS\lib\</path>
         <kind>archive</kind>
         <file>rtsv7M4_T_le_v4SPD16_eabi.lib</file>
         <name>unlink.c.obj</name>
      </input_file>
   </input_file_list>
   <object_component_list>
      <object_component id="oc-23">
         <name>.intvecs:retain</name>
         <load_address>0x0</load_address>
         <run_address>0x0</run_address>
         <size>0xe4</size>
         <input_file_ref idref="fl-6"/>
      </object_component>
      <object_component id="oc-10e">
         <name>.text</name>
         <load_address>0xe4</load_address>
         <run_address>0xe4</run_address>
         <size>0xd7c</size>
         <input_file_ref idref="fl-d"/>
      </object_component>
      <object_component id="oc-1f2">
         <name>.text:__TI_printfi</name>
         <load_address>0xe60</load_address>
         <run_address>0xe60</run_address>
         <size>0xa4e</size>
         <input_file_ref idref="fl-e0"/>
      </object_component>
      <object_component id="oc-21f">
         <name>.text:_nop</name>
         <load_address>0x18ae</load_address>
         <run_address>0x18ae</run_address>
         <size>0x2</size>
         <input_file_ref idref="fl-f3"/>
      </object_component>
      <object_component id="oc-6d">
         <name>.text</name>
         <load_address>0x18b0</load_address>
         <run_address>0x18b0</run_address>
         <size>0x604</size>
         <input_file_ref idref="fl-5"/>
      </object_component>
      <object_component id="oc-108">
         <name>.text</name>
         <load_address>0x1eb4</load_address>
         <run_address>0x1eb4</run_address>
         <size>0x480</size>
         <input_file_ref idref="fl-11"/>
      </object_component>
      <object_component id="oc-c9">
         <name>.text</name>
         <load_address>0x2334</load_address>
         <run_address>0x2334</run_address>
         <size>0x41c</size>
         <input_file_ref idref="fl-20"/>
      </object_component>
      <object_component id="oc-17c">
         <name>.text</name>
         <load_address>0x2750</load_address>
         <run_address>0x2750</run_address>
         <size>0x3f0</size>
         <input_file_ref idref="fl-13"/>
      </object_component>
      <object_component id="oc-af">
         <name>.text</name>
         <load_address>0x2b40</load_address>
         <run_address>0x2b40</run_address>
         <size>0x334</size>
         <input_file_ref idref="fl-7"/>
      </object_component>
      <object_component id="oc-27a">
         <name>.text:_pconv_a</name>
         <load_address>0x2e74</load_address>
         <run_address>0x2e74</run_address>
         <size>0x270</size>
         <input_file_ref idref="fl-e0"/>
      </object_component>
      <object_component id="oc-18c">
         <name>.text</name>
         <load_address>0x30e4</load_address>
         <run_address>0x30e4</run_address>
         <size>0x244</size>
         <input_file_ref idref="fl-1c"/>
      </object_component>
      <object_component id="oc-268">
         <name>.text:_pconv_g</name>
         <load_address>0x3328</load_address>
         <run_address>0x3328</run_address>
         <size>0x1d0</size>
         <input_file_ref idref="fl-e0"/>
      </object_component>
      <object_component id="oc-2f3">
         <name>.text</name>
         <load_address>0x34f8</load_address>
         <run_address>0x34f8</run_address>
         <size>0x1b6</size>
         <input_file_ref idref="fl-e8"/>
      </object_component>
      <object_component id="oc-36a">
         <name>.text</name>
         <load_address>0x36ae</load_address>
         <run_address>0x36ae</run_address>
         <size>0x2</size>
         <input_file_ref idref="fl-106"/>
      </object_component>
      <object_component id="oc-fc">
         <name>.text</name>
         <load_address>0x36b0</load_address>
         <run_address>0x36b0</run_address>
         <size>0x174</size>
         <input_file_ref idref="fl-2"/>
      </object_component>
      <object_component id="oc-274">
         <name>.text:_pconv_e</name>
         <load_address>0x3824</load_address>
         <run_address>0x3824</run_address>
         <size>0x13c</size>
         <input_file_ref idref="fl-e0"/>
      </object_component>
      <object_component id="oc-2d9">
         <name>.text</name>
         <load_address>0x3960</load_address>
         <run_address>0x3960</run_address>
         <size>0x136</size>
         <input_file_ref idref="fl-ea"/>
      </object_component>
      <object_component id="oc-305">
         <name>.text:fcvt</name>
         <load_address>0x3a98</load_address>
         <run_address>0x3a98</run_address>
         <size>0x124</size>
         <input_file_ref idref="fl-e0"/>
      </object_component>
      <object_component id="oc-2a2">
         <name>.text:fputs</name>
         <load_address>0x3bbc</load_address>
         <run_address>0x3bbc</run_address>
         <size>0x114</size>
         <input_file_ref idref="fl-e2"/>
      </object_component>
      <object_component id="oc-319">
         <name>.text:scalbn</name>
         <load_address>0x3cd0</load_address>
         <run_address>0x3cd0</run_address>
         <size>0x110</size>
         <input_file_ref idref="fl-102"/>
      </object_component>
      <object_component id="oc-2d4">
         <name>.text</name>
         <load_address>0x3de0</load_address>
         <run_address>0x3de0</run_address>
         <size>0xfc</size>
         <input_file_ref idref="fl-eb"/>
      </object_component>
      <object_component id="oc-102">
         <name>.text</name>
         <load_address>0x3edc</load_address>
         <run_address>0x3edc</run_address>
         <size>0xf8</size>
         <input_file_ref idref="fl-3"/>
      </object_component>
      <object_component id="oc-415">
         <name>.text:aligned_alloc</name>
         <load_address>0x3fd4</load_address>
         <run_address>0x3fd4</run_address>
         <size>0xf4</size>
         <input_file_ref idref="fl-fa"/>
      </object_component>
      <object_component id="oc-3d3">
         <name>.text:free</name>
         <load_address>0x40c8</load_address>
         <run_address>0x40c8</run_address>
         <size>0xe8</size>
         <input_file_ref idref="fl-fa"/>
      </object_component>
      <object_component id="oc-3a5">
         <name>.text:setvbuf</name>
         <load_address>0x41b0</load_address>
         <run_address>0x41b0</run_address>
         <size>0xdc</size>
         <input_file_ref idref="fl-e4"/>
      </object_component>
      <object_component id="oc-f6">
         <name>.text</name>
         <load_address>0x428c</load_address>
         <run_address>0x428c</run_address>
         <size>0xd8</size>
         <input_file_ref idref="fl-21"/>
      </object_component>
      <object_component id="oc-25d">
         <name>.text:_ltostr</name>
         <load_address>0x4364</load_address>
         <run_address>0x4364</run_address>
         <size>0xb1</size>
         <input_file_ref idref="fl-e0"/>
      </object_component>
      <object_component id="oc-37">
         <name>.text</name>
         <load_address>0x4416</load_address>
         <run_address>0x4416</run_address>
         <size>0x9c</size>
         <input_file_ref idref="fl-ee"/>
      </object_component>
      <object_component id="oc-2cd">
         <name>.text</name>
         <load_address>0x44b2</load_address>
         <run_address>0x44b2</run_address>
         <size>0x96</size>
         <input_file_ref idref="fl-e6"/>
      </object_component>
      <object_component id="oc-2a9">
         <name>.text:fputc</name>
         <load_address>0x4548</load_address>
         <run_address>0x4548</run_address>
         <size>0x8c</size>
         <input_file_ref idref="fl-e1"/>
      </object_component>
      <object_component id="oc-263">
         <name>.text:__aeabi_cdcmple</name>
         <load_address>0x45d4</load_address>
         <run_address>0x45d4</run_address>
         <size>0x86</size>
         <input_file_ref idref="fl-e9"/>
      </object_component>
      <object_component id="oc-2de">
         <name>.text:__aeabi_cdrcmple</name>
         <load_address>0x465a</load_address>
         <run_address>0x465a</run_address>
         <size>0x86</size>
         <input_file_ref idref="fl-e9"/>
      </object_component>
      <object_component id="oc-9d">
         <name>.text</name>
         <load_address>0x46e0</load_address>
         <run_address>0x46e0</run_address>
         <size>0x7c</size>
         <input_file_ref idref="fl-4"/>
      </object_component>
      <object_component id="oc-45d">
         <name>.text:split</name>
         <load_address>0x475c</load_address>
         <run_address>0x475c</run_address>
         <size>0x7c</size>
         <input_file_ref idref="fl-fa"/>
      </object_component>
      <object_component id="oc-91">
         <name>.text</name>
         <load_address>0x47d8</load_address>
         <run_address>0x47d8</run_address>
         <size>0x7a</size>
         <input_file_ref idref="fl-e7"/>
      </object_component>
      <object_component id="oc-41c">
         <name>.text:__TI_closefile</name>
         <load_address>0x4854</load_address>
         <run_address>0x4854</run_address>
         <size>0x74</size>
         <input_file_ref idref="fl-116"/>
      </object_component>
      <object_component id="oc-2fe">
         <name>.text:_mcpy</name>
         <load_address>0x48c8</load_address>
         <run_address>0x48c8</run_address>
         <size>0x6e</size>
         <input_file_ref idref="fl-e0"/>
      </object_component>
      <object_component id="oc-44c">
         <name>.text:HOSTrename</name>
         <load_address>0x4938</load_address>
         <run_address>0x4938</run_address>
         <size>0x6c</size>
         <input_file_ref idref="fl-10f"/>
      </object_component>
      <object_component id="oc-440">
         <name>.text:HOSTlseek</name>
         <load_address>0x49a4</load_address>
         <run_address>0x49a4</run_address>
         <size>0x68</size>
         <input_file_ref idref="fl-10c"/>
      </object_component>
      <object_component id="oc-14">
         <name>.text:decompress:lzss:__TI_decompress_lzss</name>
         <load_address>0x4a0c</load_address>
         <run_address>0x4a0c</run_address>
         <size>0x68</size>
         <input_file_ref idref="fl-f1"/>
      </object_component>
      <object_component id="oc-195">
         <name>.text:printf</name>
         <load_address>0x4a74</load_address>
         <run_address>0x4a74</run_address>
         <size>0x68</size>
         <input_file_ref idref="fl-df"/>
      </object_component>
      <object_component id="oc-313">
         <name>.text:frexp</name>
         <load_address>0x4adc</load_address>
         <run_address>0x4adc</run_address>
         <size>0x64</size>
         <input_file_ref idref="fl-101"/>
      </object_component>
      <object_component id="oc-39f">
         <name>.text:fseek</name>
         <load_address>0x4b40</load_address>
         <run_address>0x4b40</run_address>
         <size>0x64</size>
         <input_file_ref idref="fl-105"/>
      </object_component>
      <object_component id="oc-347">
         <name>.text:__TI_wrt_ok</name>
         <load_address>0x4ba4</load_address>
         <run_address>0x4ba4</run_address>
         <size>0x62</size>
         <input_file_ref idref="fl-e3"/>
      </object_component>
      <object_component id="oc-428">
         <name>.text:HOSTopen</name>
         <load_address>0x4c08</load_address>
         <run_address>0x4c08</run_address>
         <size>0x60</size>
         <input_file_ref idref="fl-10d"/>
      </object_component>
      <object_component id="oc-464">
         <name>.text:close</name>
         <load_address>0x4c68</load_address>
         <run_address>0x4c68</run_address>
         <size>0x5c</size>
         <input_file_ref idref="fl-11c"/>
      </object_component>
      <object_component id="oc-434">
         <name>.text:HOSTread</name>
         <load_address>0x4cc4</load_address>
         <run_address>0x4cc4</run_address>
         <size>0x58</size>
         <input_file_ref idref="fl-10e"/>
      </object_component>
      <object_component id="oc-43a">
         <name>.text:HOSTwrite</name>
         <load_address>0x4d1c</load_address>
         <run_address>0x4d1c</run_address>
         <size>0x58</size>
         <input_file_ref idref="fl-111"/>
      </object_component>
      <object_component id="oc-26e">
         <name>.text:_pconv_f</name>
         <load_address>0x4d74</load_address>
         <run_address>0x4d74</run_address>
         <size>0x56</size>
         <input_file_ref idref="fl-e0"/>
      </object_component>
      <object_component id="oc-2e8">
         <name>.text:ltoa</name>
         <load_address>0x4dca</load_address>
         <run_address>0x4dca</run_address>
         <size>0x54</size>
         <input_file_ref idref="fl-f7"/>
      </object_component>
      <object_component id="oc-2f8">
         <name>.text:_ecpy</name>
         <load_address>0x4e1e</load_address>
         <run_address>0x4e1e</run_address>
         <size>0x52</size>
         <input_file_ref idref="fl-e0"/>
      </object_component>
      <object_component id="oc-353">
         <name>.text:__TI_doflush</name>
         <load_address>0x4e70</load_address>
         <run_address>0x4e70</run_address>
         <size>0x4c</size>
         <input_file_ref idref="fl-103"/>
      </object_component>
      <object_component id="oc-257">
         <name>.text:atoi</name>
         <load_address>0x4ebc</load_address>
         <run_address>0x4ebc</run_address>
         <size>0x4c</size>
         <input_file_ref idref="fl-f4"/>
      </object_component>
      <object_component id="oc-123">
         <name>.text:exit</name>
         <load_address>0x4f08</load_address>
         <run_address>0x4f08</run_address>
         <size>0x48</size>
         <input_file_ref idref="fl-f2"/>
      </object_component>
      <object_component id="oc-2e3">
         <name>.text</name>
         <load_address>0x4f50</load_address>
         <run_address>0x4f50</run_address>
         <size>0x48</size>
         <input_file_ref idref="fl-ec"/>
      </object_component>
      <object_component id="oc-42e">
         <name>.text:HOSTclose</name>
         <load_address>0x4f98</load_address>
         <run_address>0x4f98</run_address>
         <size>0x44</size>
         <input_file_ref idref="fl-10b"/>
      </object_component>
      <object_component id="oc-446">
         <name>.text:HOSTunlink</name>
         <load_address>0x4fdc</load_address>
         <run_address>0x4fdc</run_address>
         <size>0x44</size>
         <input_file_ref idref="fl-110"/>
      </object_component>
      <object_component id="oc-129">
         <name>.text:__TI_auto_init_nobinit_nopinit:__TI_auto_init_nobinit_nopinit</name>
         <load_address>0x5020</load_address>
         <run_address>0x5020</run_address>
         <size>0x44</size>
         <input_file_ref idref="fl-107"/>
      </object_component>
      <object_component id="oc-49c">
         <name>.text:getdevice</name>
         <load_address>0x5064</load_address>
         <run_address>0x5064</run_address>
         <size>0x44</size>
         <input_file_ref idref="fl-117"/>
      </object_component>
      <object_component id="oc-30b">
         <name>.text:_fcpy</name>
         <load_address>0x50a8</load_address>
         <run_address>0x50a8</run_address>
         <size>0x3e</size>
         <input_file_ref idref="fl-e0"/>
      </object_component>
      <object_component id="oc-1cd">
         <name>.text</name>
         <load_address>0x50e6</load_address>
         <run_address>0x50e6</run_address>
         <size>0x3e</size>
         <input_file_ref idref="fl-b"/>
      </object_component>
      <object_component id="oc-475">
         <name>.text:__TI_writemsg</name>
         <load_address>0x5124</load_address>
         <run_address>0x5124</run_address>
         <size>0x38</size>
         <input_file_ref idref="fl-112"/>
      </object_component>
      <object_component id="oc-4be">
         <name>.text:strncpy</name>
         <load_address>0x515c</load_address>
         <run_address>0x515c</run_address>
         <size>0x36</size>
         <input_file_ref idref="fl-11a"/>
      </object_component>
      <object_component id="oc-3df">
         <name>.text:__TI_cleanup</name>
         <load_address>0x5194</load_address>
         <run_address>0x5194</run_address>
         <size>0x34</size>
         <input_file_ref idref="fl-104"/>
      </object_component>
      <object_component id="oc-47b">
         <name>.text:__TI_readmsg</name>
         <load_address>0x51c8</load_address>
         <run_address>0x51c8</run_address>
         <size>0x34</size>
         <input_file_ref idref="fl-112"/>
      </object_component>
      <object_component id="oc-55">
         <name>.text:_c_int00_noargs:_c_int00_noargs</name>
         <load_address>0x51fc</load_address>
         <run_address>0x51fc</run_address>
         <size>0x34</size>
         <input_file_ref idref="fl-100"/>
      </object_component>
      <object_component id="oc-4c4">
         <name>.text:finddevice</name>
         <load_address>0x5230</load_address>
         <run_address>0x5230</run_address>
         <size>0x30</size>
         <input_file_ref idref="fl-117"/>
      </object_component>
      <object_component id="oc-2ee">
         <name>.text</name>
         <load_address>0x5260</load_address>
         <run_address>0x5260</run_address>
         <size>0x2e</size>
         <input_file_ref idref="fl-ed"/>
      </object_component>
      <object_component id="oc-46a">
         <name>.text:unlink</name>
         <load_address>0x5290</load_address>
         <run_address>0x5290</run_address>
         <size>0x2c</size>
         <input_file_ref idref="fl-11d"/>
      </object_component>
      <object_component id="oc-40e">
         <name>.text:free_list_insert</name>
         <load_address>0x52bc</load_address>
         <run_address>0x52bc</run_address>
         <size>0x28</size>
         <input_file_ref idref="fl-fa"/>
      </object_component>
      <object_component id="oc-3cb">
         <name>.text:lseek</name>
         <load_address>0x52e4</load_address>
         <run_address>0x52e4</run_address>
         <size>0x28</size>
         <input_file_ref idref="fl-114"/>
      </object_component>
      <object_component id="oc-359">
         <name>.text:write</name>
         <load_address>0x530c</load_address>
         <run_address>0x530c</run_address>
         <size>0x28</size>
         <input_file_ref idref="fl-fe"/>
      </object_component>
      <object_component id="oc-34d">
         <name>.text:memchr</name>
         <load_address>0x5334</load_address>
         <run_address>0x5334</run_address>
         <size>0x20</size>
         <input_file_ref idref="fl-f9"/>
      </object_component>
      <object_component id="oc-43">
         <name>.text:decompress:ZI:__TI_zero_init_nomemset:__TI_zero_init_nomemset</name>
         <load_address>0x5354</load_address>
         <run_address>0x5354</run_address>
         <size>0x1c</size>
         <input_file_ref idref="fl-ef"/>
      </object_component>
      <object_component id="oc-408">
         <name>.text:free_list_remove</name>
         <load_address>0x5370</load_address>
         <run_address>0x5370</run_address>
         <size>0x1c</size>
         <input_file_ref idref="fl-fa"/>
      </object_component>
      <object_component id="oc-280">
         <name>.text:memccpy</name>
         <load_address>0x538c</load_address>
         <run_address>0x538c</run_address>
         <size>0x1c</size>
         <input_file_ref idref="fl-f8"/>
      </object_component>
      <object_component id="oc-383">
         <name>.text:copysign</name>
         <load_address>0x53a8</load_address>
         <run_address>0x53a8</run_address>
         <size>0x1a</size>
         <input_file_ref idref="fl-115"/>
      </object_component>
      <object_component id="oc-4db">
         <name>.text:strcmp</name>
         <load_address>0x53c2</load_address>
         <run_address>0x53c2</run_address>
         <size>0x18</size>
         <input_file_ref idref="fl-118"/>
      </object_component>
      <object_component id="oc-31f">
         <name>.text:strchr</name>
         <load_address>0x53da</load_address>
         <run_address>0x53da</run_address>
         <size>0x16</size>
         <input_file_ref idref="fl-fb"/>
      </object_component>
      <object_component id="oc-48f">
         <name>.text:strcpy</name>
         <load_address>0x53f0</load_address>
         <run_address>0x53f0</run_address>
         <size>0x14</size>
         <input_file_ref idref="fl-119"/>
      </object_component>
      <object_component id="oc-251">
         <name>.text:strlen</name>
         <load_address>0x5404</load_address>
         <run_address>0x5404</run_address>
         <size>0x14</size>
         <input_file_ref idref="fl-fc"/>
      </object_component>
      <object_component id="oc-286">
         <name>.text:wcslen</name>
         <load_address>0x5418</load_address>
         <run_address>0x5418</run_address>
         <size>0x12</size>
         <input_file_ref idref="fl-e5"/>
      </object_component>
      <object_component id="oc-1a">
         <name>.text:decompress:none:__TI_decompress_none</name>
         <load_address>0x542a</load_address>
         <run_address>0x542a</run_address>
         <size>0xe</size>
         <input_file_ref idref="fl-f0"/>
      </object_component>
      <object_component id="oc-67">
         <name>.text</name>
         <load_address>0x5438</load_address>
         <run_address>0x5438</run_address>
         <size>0xe</size>
         <input_file_ref idref="fl-6"/>
      </object_component>
      <object_component id="oc-28c">
         <name>.text:__aeabi_errno_addr</name>
         <load_address>0x5448</load_address>
         <run_address>0x5448</run_address>
         <size>0x8</size>
         <input_file_ref idref="fl-fd"/>
      </object_component>
      <object_component id="oc-3d9">
         <name>.text:malloc</name>
         <load_address>0x5450</load_address>
         <run_address>0x5450</run_address>
         <size>0x8</size>
         <input_file_ref idref="fl-fa"/>
      </object_component>
      <object_component id="oc-201">
         <name>.text:_outc</name>
         <load_address>0x5458</load_address>
         <run_address>0x5458</run_address>
         <size>0x4</size>
         <input_file_ref idref="fl-df"/>
      </object_component>
      <object_component id="oc-1fb">
         <name>.text:_outs</name>
         <load_address>0x545c</load_address>
         <run_address>0x545c</run_address>
         <size>0x4</size>
         <input_file_ref idref="fl-df"/>
      </object_component>
      <object_component id="oc-97">
         <name>.text:_system_pre_init</name>
         <load_address>0x5460</load_address>
         <run_address>0x5460</run_address>
         <size>0x4</size>
         <input_file_ref idref="fl-108"/>
      </object_component>
      <object_component id="oc-11d">
         <name>.text:abort:abort</name>
         <load_address>0x5464</load_address>
         <run_address>0x5464</run_address>
         <size>0x4</size>
         <input_file_ref idref="fl-f2"/>
      </object_component>
      <object_component id="oc-2c8">
         <name>.const:.string:_ctypes_</name>
         <load_address>0x5468</load_address>
         <run_address>0x5468</run_address>
         <size>0x101</size>
         <input_file_ref idref="fl-f5"/>
      </object_component>
      <object_component id="oc-1d9">
         <name>.const:g_pulRegs</name>
         <load_address>0x556c</load_address>
         <run_address>0x556c</run_address>
         <size>0x50</size>
         <input_file_ref idref="fl-13"/>
      </object_component>
      <object_component id="oc-114">
         <name>.const:uartConfig</name>
         <load_address>0x55bc</load_address>
         <run_address>0x55bc</run_address>
         <size>0x24</size>
         <input_file_ref idref="fl-4"/>
      </object_component>
      <object_component id="oc-1d6">
         <name>.const:g_pulPriority</name>
         <load_address>0x55e0</load_address>
         <run_address>0x55e0</run_address>
         <size>0x20</size>
         <input_file_ref idref="fl-13"/>
      </object_component>
      <object_component id="oc-19f">
         <name>.const:GPIO_PORT_TO_INT</name>
         <load_address>0x5600</load_address>
         <run_address>0x5600</run_address>
         <size>0x1c</size>
         <input_file_ref idref="fl-11"/>
      </object_component>
      <object_component id="oc-1df">
         <name>.const:g_pulDisRegs</name>
         <load_address>0x561c</load_address>
         <run_address>0x561c</run_address>
         <size>0x8</size>
         <input_file_ref idref="fl-13"/>
      </object_component>
      <object_component id="oc-1dc">
         <name>.const:g_pulEnRegs</name>
         <load_address>0x5624</load_address>
         <run_address>0x5624</run_address>
         <size>0x8</size>
         <input_file_ref idref="fl-13"/>
      </object_component>
      <object_component id="oc-1e2">
         <name>.const:g_pulPendRegs</name>
         <load_address>0x562c</load_address>
         <run_address>0x562c</run_address>
         <size>0x8</size>
         <input_file_ref idref="fl-13"/>
      </object_component>
      <object_component id="oc-1e5">
         <name>.const:g_pulUnpendRegs</name>
         <load_address>0x5634</load_address>
         <run_address>0x5634</run_address>
         <size>0x8</size>
         <input_file_ref idref="fl-13"/>
      </object_component>
      <object_component id="oc-51a">
         <name>.cinit..data.load</name>
         <load_address>0x5640</load_address>
         <run_address>0x5640</run_address>
         <size>0x92</size>
      </object_component>
      <object_component id="oc-517">
         <name>__TI_handler_table</name>
         <load_address>0x56d4</load_address>
         <run_address>0x56d4</run_address>
         <size>0xc</size>
      </object_component>
      <object_component id="oc-51b">
         <name>.cinit..bss.load</name>
         <load_address>0x56e0</load_address>
         <run_address>0x56e0</run_address>
         <size>0x8</size>
      </object_component>
      <object_component id="oc-519">
         <name>.cinit..vtable.load</name>
         <load_address>0x56e8</load_address>
         <run_address>0x56e8</run_address>
         <size>0x8</size>
      </object_component>
      <object_component id="oc-518">
         <name>__TI_cinit_table</name>
         <load_address>0x56f0</load_address>
         <run_address>0x56f0</run_address>
         <size>0x18</size>
      </object_component>
      <object_component id="oc-4ec">
         <name>.binit</name>
         <load_address>0x0</load_address>
         <run_address>0x0</run_address>
         <size>0x0</size>
      </object_component>
      <object_component id="oc-1d3">
         <name>.vtable</name>
         <uninitialized>true</uninitialized>
         <run_address>0x20000000</run_address>
         <size>0xe4</size>
         <input_file_ref idref="fl-13"/>
      </object_component>
      <object_component id="oc-15b">
         <name>.data</name>
         <load_address>0x20000700</load_address>
         <run_address>0x20000700</run_address>
         <size>0x4</size>
         <input_file_ref idref="fl-7"/>
      </object_component>
      <object_component id="oc-19c">
         <name>.data:GPIO_PORT_TO_BASE</name>
         <load_address>0x200006a0</load_address>
         <run_address>0x200006a0</run_address>
         <size>0x30</size>
         <input_file_ref idref="fl-11"/>
      </object_component>
      <object_component id="oc-1ac">
         <name>.data:$O1$$</name>
         <load_address>0x200006e0</load_address>
         <run_address>0x200006e0</run_address>
         <size>0xc</size>
         <input_file_ref idref="fl-f2"/>
      </object_component>
      <object_component id="oc-1af">
         <name>.data:$O1$$</name>
         <load_address>0x200006ec</load_address>
         <run_address>0x200006ec</run_address>
         <size>0x8</size>
         <input_file_ref idref="fl-f3"/>
      </object_component>
      <object_component id="oc-1f8">
         <name>.data:_ftable</name>
         <load_address>0x200004e8</load_address>
         <run_address>0x200004e8</run_address>
         <size>0xf0</size>
         <input_file_ref idref="fl-f6"/>
      </object_component>
      <object_component id="oc-422">
         <name>.data</name>
         <load_address>0x200006d0</load_address>
         <run_address>0x200006d0</run_address>
         <size>0x10</size>
         <input_file_ref idref="fl-f6"/>
      </object_component>
      <object_component id="oc-458">
         <name>.data:$O1$$</name>
         <load_address>0x200006f4</load_address>
         <run_address>0x200006f4</run_address>
         <size>0x8</size>
         <input_file_ref idref="fl-fa"/>
      </object_component>
      <object_component id="oc-32f">
         <name>.data</name>
         <load_address>0x200006fc</load_address>
         <run_address>0x200006fc</run_address>
         <size>0x4</size>
         <input_file_ref idref="fl-fd"/>
      </object_component>
      <object_component id="oc-3f2">
         <name>.data:_device</name>
         <load_address>0x200005d8</load_address>
         <run_address>0x200005d8</run_address>
         <size>0x78</size>
         <input_file_ref idref="fl-ff"/>
      </object_component>
      <object_component id="oc-3b1">
         <name>.data:_stream</name>
         <load_address>0x20000650</load_address>
         <run_address>0x20000650</run_address>
         <size>0x50</size>
         <input_file_ref idref="fl-ff"/>
      </object_component>
      <object_component id="oc-1a4">
         <name>.bss</name>
         <uninitialized>true</uninitialized>
         <run_address>0x200008c4</run_address>
         <size>0x8</size>
         <input_file_ref idref="fl-d"/>
      </object_component>
      <object_component id="oc-4a6">
         <name>.bss:_CIOBUF_</name>
         <uninitialized>true</uninitialized>
         <run_address>0x20000704</run_address>
         <size>0x120</size>
         <input_file_ref idref="fl-112"/>
      </object_component>
      <object_component id="oc-cf">
         <name>.common:data</name>
         <uninitialized>true</uninitialized>
         <run_address>0x20000910</run_address>
         <size>0x1</size>
      </object_component>
      <object_component id="oc-be">
         <name>.common:hourt</name>
         <uninitialized>true</uninitialized>
         <run_address>0x200008e4</run_address>
         <size>0x4</size>
      </object_component>
      <object_component id="oc-bf">
         <name>.common:houro</name>
         <uninitialized>true</uninitialized>
         <run_address>0x200008e0</run_address>
         <size>0x4</size>
      </object_component>
      <object_component id="oc-c0">
         <name>.common:mint</name>
         <uninitialized>true</uninitialized>
         <run_address>0x200008ec</run_address>
         <size>0x4</size>
      </object_component>
      <object_component id="oc-c1">
         <name>.common:mino</name>
         <uninitialized>true</uninitialized>
         <run_address>0x200008e8</run_address>
         <size>0x4</size>
      </object_component>
      <object_component id="oc-b6">
         <name>.common:togset</name>
         <uninitialized>true</uninitialized>
         <run_address>0x20000900</run_address>
         <size>0x4</size>
      </object_component>
      <object_component id="oc-c2">
         <name>.common:start</name>
         <uninitialized>true</uninitialized>
         <run_address>0x200008fc</run_address>
         <size>0x4</size>
      </object_component>
      <object_component id="oc-bb">
         <name>.common:yeart</name>
         <uninitialized>true</uninitialized>
         <run_address>0x2000090c</run_address>
         <size>0x4</size>
      </object_component>
      <object_component id="oc-bc">
         <name>.common:yearo</name>
         <uninitialized>true</uninitialized>
         <run_address>0x20000908</run_address>
         <size>0x4</size>
      </object_component>
      <object_component id="oc-bd">
         <name>.common:year_tog</name>
         <uninitialized>true</uninitialized>
         <run_address>0x20000904</run_address>
         <size>0x4</size>
      </object_component>
      <object_component id="oc-c3">
         <name>.common:montht</name>
         <uninitialized>true</uninitialized>
         <run_address>0x200008f8</run_address>
         <size>0x4</size>
      </object_component>
      <object_component id="oc-c4">
         <name>.common:montho</name>
         <uninitialized>true</uninitialized>
         <run_address>0x200008f4</run_address>
         <size>0x4</size>
      </object_component>
      <object_component id="oc-c5">
         <name>.common:month_tog</name>
         <uninitialized>true</uninitialized>
         <run_address>0x200008f0</run_address>
         <size>0x4</size>
      </object_component>
      <object_component id="oc-c6">
         <name>.common:dayt</name>
         <uninitialized>true</uninitialized>
         <run_address>0x200008dc</run_address>
         <size>0x4</size>
      </object_component>
      <object_component id="oc-c7">
         <name>.common:dayo</name>
         <uninitialized>true</uninitialized>
         <run_address>0x200008d8</run_address>
         <size>0x4</size>
      </object_component>
      <object_component id="oc-c8">
         <name>.common:day_tog</name>
         <uninitialized>true</uninitialized>
         <run_address>0x200008d4</run_address>
         <size>0x4</size>
      </object_component>
      <object_component id="oc-470">
         <name>.common:__TI_tmpnams</name>
         <uninitialized>true</uninitialized>
         <run_address>0x20000824</run_address>
         <size>0xa0</size>
      </object_component>
      <object_component id="oc-481">
         <name>.common:parmbuf</name>
         <uninitialized>true</uninitialized>
         <run_address>0x200008cc</run_address>
         <size>0x8</size>
      </object_component>
      <object_component id="oc-26">
         <name>.sysmem</name>
         <uninitialized>true</uninitialized>
         <run_address>0x200000e8</run_address>
         <size>0x10</size>
         <input_file_ref idref="fl-fa"/>
      </object_component>
      <object_component id="oc-51d">
         <name>.sysmem</name>
         <uninitialized>true</uninitialized>
         <run_address>0x200000e8</run_address>
         <size>0x0</size>
      </object_component>
      <object_component id="oc-29">
         <name>.stack</name>
         <uninitialized>true</uninitialized>
         <run_address>0x2000fe00</run_address>
         <size>0x4</size>
         <input_file_ref idref="fl-100"/>
      </object_component>
      <object_component id="oc-51c">
         <name>.stack</name>
         <uninitialized>true</uninitialized>
         <run_address>0x2000fe00</run_address>
         <size>0x0</size>
      </object_component>
      <object_component id="oc-18b">
         <name>.debug_info</name>
         <load_address>0x0</load_address>
         <run_address>0x0</run_address>
         <size>0x53f</size>
         <input_file_ref idref="fl-2"/>
      </object_component>
      <object_component id="oc-100">
         <name>.debug_info</name>
         <load_address>0x53f</load_address>
         <run_address>0x53f</run_address>
         <size>0x273</size>
         <input_file_ref idref="fl-2"/>
      </object_component>
      <object_component id="oc-166">
         <name>.debug_info</name>
         <load_address>0x7b2</load_address>
         <run_address>0x7b2</run_address>
         <size>0x37e2</size>
         <input_file_ref idref="fl-2"/>
      </object_component>
      <object_component id="oc-d5">
         <name>.debug_info</name>
         <load_address>0x3f94</load_address>
         <run_address>0x3f94</run_address>
         <size>0x26b</size>
         <input_file_ref idref="fl-2"/>
      </object_component>
      <object_component id="oc-16b">
         <name>.debug_info</name>
         <load_address>0x41ff</load_address>
         <run_address>0x41ff</run_address>
         <size>0x1055</size>
         <input_file_ref idref="fl-2"/>
      </object_component>
      <object_component id="oc-32">
         <name>.debug_info</name>
         <load_address>0x5254</load_address>
         <run_address>0x5254</run_address>
         <size>0x84</size>
         <input_file_ref idref="fl-2"/>
      </object_component>
      <object_component id="oc-186">
         <name>.debug_info</name>
         <load_address>0x52d8</load_address>
         <run_address>0x52d8</run_address>
         <size>0x297</size>
         <input_file_ref idref="fl-2"/>
      </object_component>
      <object_component id="oc-175">
         <name>.debug_info</name>
         <load_address>0x556f</load_address>
         <run_address>0x556f</run_address>
         <size>0xef</size>
         <input_file_ref idref="fl-2"/>
      </object_component>
      <object_component id="oc-15f">
         <name>.debug_info</name>
         <load_address>0x565e</load_address>
         <run_address>0x565e</run_address>
         <size>0xbb</size>
         <input_file_ref idref="fl-2"/>
      </object_component>
      <object_component id="oc-209">
         <name>.debug_info</name>
         <load_address>0x5719</load_address>
         <run_address>0x5719</run_address>
         <size>0x2c</size>
         <input_file_ref idref="fl-2"/>
      </object_component>
      <object_component id="oc-d0">
         <name>.debug_info</name>
         <load_address>0x5745</load_address>
         <run_address>0x5745</run_address>
         <size>0x5f7</size>
         <input_file_ref idref="fl-3"/>
      </object_component>
      <object_component id="oc-105">
         <name>.debug_info</name>
         <load_address>0x5d3c</load_address>
         <run_address>0x5d3c</run_address>
         <size>0x24e</size>
         <input_file_ref idref="fl-3"/>
      </object_component>
      <object_component id="oc-b7">
         <name>.debug_info</name>
         <load_address>0x5f8a</load_address>
         <run_address>0x5f8a</run_address>
         <size>0x927</size>
         <input_file_ref idref="fl-4"/>
      </object_component>
      <object_component id="oc-115">
         <name>.debug_info</name>
         <load_address>0x68b1</load_address>
         <run_address>0x68b1</run_address>
         <size>0xb8</size>
         <input_file_ref idref="fl-4"/>
      </object_component>
      <object_component id="oc-9e">
         <name>.debug_info</name>
         <load_address>0x6969</load_address>
         <run_address>0x6969</run_address>
         <size>0x25d</size>
         <input_file_ref idref="fl-4"/>
      </object_component>
      <object_component id="oc-218">
         <name>.debug_info</name>
         <load_address>0x6bc6</load_address>
         <run_address>0x6bc6</run_address>
         <size>0x1b5</size>
         <input_file_ref idref="fl-4"/>
      </object_component>
      <object_component id="oc-118">
         <name>.debug_info</name>
         <load_address>0x6d7b</load_address>
         <run_address>0x6d7b</run_address>
         <size>0x8b</size>
         <input_file_ref idref="fl-4"/>
      </object_component>
      <object_component id="oc-170">
         <name>.debug_info</name>
         <load_address>0x6e06</load_address>
         <run_address>0x6e06</run_address>
         <size>0xee</size>
         <input_file_ref idref="fl-4"/>
      </object_component>
      <object_component id="oc-b9">
         <name>.debug_info</name>
         <load_address>0x6ef4</load_address>
         <run_address>0x6ef4</run_address>
         <size>0x79d</size>
         <input_file_ref idref="fl-5"/>
      </object_component>
      <object_component id="oc-6e">
         <name>.debug_info</name>
         <load_address>0x7691</load_address>
         <run_address>0x7691</run_address>
         <size>0x61d</size>
         <input_file_ref idref="fl-5"/>
      </object_component>
      <object_component id="oc-75">
         <name>.debug_info</name>
         <load_address>0x7cae</load_address>
         <run_address>0x7cae</run_address>
         <size>0x2ab</size>
         <input_file_ref idref="fl-6"/>
      </object_component>
      <object_component id="oc-24">
         <name>.debug_info</name>
         <load_address>0x7f59</load_address>
         <run_address>0x7f59</run_address>
         <size>0xd7</size>
         <input_file_ref idref="fl-6"/>
      </object_component>
      <object_component id="oc-68">
         <name>.debug_info</name>
         <load_address>0x8030</load_address>
         <run_address>0x8030</run_address>
         <size>0x19e</size>
         <input_file_ref idref="fl-6"/>
      </object_component>
      <object_component id="oc-15c">
         <name>.debug_info</name>
         <load_address>0x81ce</load_address>
         <run_address>0x81ce</run_address>
         <size>0xd0</size>
         <input_file_ref idref="fl-7"/>
      </object_component>
      <object_component id="oc-b0">
         <name>.debug_info</name>
         <load_address>0x829e</load_address>
         <run_address>0x829e</run_address>
         <size>0x242</size>
         <input_file_ref idref="fl-7"/>
      </object_component>
      <object_component id="oc-1ce">
         <name>.debug_info</name>
         <load_address>0x84e0</load_address>
         <run_address>0x84e0</run_address>
         <size>0x324</size>
         <input_file_ref idref="fl-b"/>
      </object_component>
      <object_component id="oc-1a8">
         <name>.debug_info</name>
         <load_address>0x8804</load_address>
         <run_address>0x8804</run_address>
         <size>0x75b</size>
         <input_file_ref idref="fl-d"/>
      </object_component>
      <object_component id="oc-1a5">
         <name>.debug_info</name>
         <load_address>0x8f5f</load_address>
         <run_address>0x8f5f</run_address>
         <size>0xdc</size>
         <input_file_ref idref="fl-d"/>
      </object_component>
      <object_component id="oc-111">
         <name>.debug_info</name>
         <load_address>0x903b</load_address>
         <run_address>0x903b</run_address>
         <size>0x1fe6</size>
         <input_file_ref idref="fl-d"/>
      </object_component>
      <object_component id="oc-1a3">
         <name>.debug_info</name>
         <load_address>0xb021</load_address>
         <run_address>0xb021</run_address>
         <size>0x664</size>
         <input_file_ref idref="fl-11"/>
      </object_component>
      <object_component id="oc-1a0">
         <name>.debug_info</name>
         <load_address>0xb685</load_address>
         <run_address>0xb685</run_address>
         <size>0xce</size>
         <input_file_ref idref="fl-11"/>
      </object_component>
      <object_component id="oc-19d">
         <name>.debug_info</name>
         <load_address>0xb753</load_address>
         <run_address>0xb753</run_address>
         <size>0xd0</size>
         <input_file_ref idref="fl-11"/>
      </object_component>
      <object_component id="oc-10b">
         <name>.debug_info</name>
         <load_address>0xb823</load_address>
         <run_address>0xb823</run_address>
         <size>0x1841</size>
         <input_file_ref idref="fl-11"/>
      </object_component>
      <object_component id="oc-1e9">
         <name>.debug_info</name>
         <load_address>0xd064</load_address>
         <run_address>0xd064</run_address>
         <size>0x5f2</size>
         <input_file_ref idref="fl-13"/>
      </object_component>
      <object_component id="oc-1d7">
         <name>.debug_info</name>
         <load_address>0xd656</load_address>
         <run_address>0xd656</run_address>
         <size>0xcd</size>
         <input_file_ref idref="fl-13"/>
      </object_component>
      <object_component id="oc-1da">
         <name>.debug_info</name>
         <load_address>0xd723</load_address>
         <run_address>0xd723</run_address>
         <size>0xc5</size>
         <input_file_ref idref="fl-13"/>
      </object_component>
      <object_component id="oc-1dd">
         <name>.debug_info</name>
         <load_address>0xd7e8</load_address>
         <run_address>0xd7e8</run_address>
         <size>0xc9</size>
         <input_file_ref idref="fl-13"/>
      </object_component>
      <object_component id="oc-1e0">
         <name>.debug_info</name>
         <load_address>0xd8b1</load_address>
         <run_address>0xd8b1</run_address>
         <size>0xcb</size>
         <input_file_ref idref="fl-13"/>
      </object_component>
      <object_component id="oc-1e3">
         <name>.debug_info</name>
         <load_address>0xd97c</load_address>
         <run_address>0xd97c</run_address>
         <size>0xcd</size>
         <input_file_ref idref="fl-13"/>
      </object_component>
      <object_component id="oc-1e6">
         <name>.debug_info</name>
         <load_address>0xda49</load_address>
         <run_address>0xda49</run_address>
         <size>0xd1</size>
         <input_file_ref idref="fl-13"/>
      </object_component>
      <object_component id="oc-1d4">
         <name>.debug_info</name>
         <load_address>0xdb1a</load_address>
         <run_address>0xdb1a</run_address>
         <size>0xd2</size>
         <input_file_ref idref="fl-13"/>
      </object_component>
      <object_component id="oc-17d">
         <name>.debug_info</name>
         <load_address>0xdbec</load_address>
         <run_address>0xdbec</run_address>
         <size>0xfe5</size>
         <input_file_ref idref="fl-13"/>
      </object_component>
      <object_component id="oc-1ef">
         <name>.debug_info</name>
         <load_address>0xebd1</load_address>
         <run_address>0xebd1</run_address>
         <size>0x52a</size>
         <input_file_ref idref="fl-1c"/>
      </object_component>
      <object_component id="oc-18d">
         <name>.debug_info</name>
         <load_address>0xf0fb</load_address>
         <run_address>0xf0fb</run_address>
         <size>0xd0c</size>
         <input_file_ref idref="fl-1c"/>
      </object_component>
      <object_component id="oc-183">
         <name>.debug_info</name>
         <load_address>0xfe07</load_address>
         <run_address>0xfe07</run_address>
         <size>0x64e</size>
         <input_file_ref idref="fl-20"/>
      </object_component>
      <object_component id="oc-cb">
         <name>.debug_info</name>
         <load_address>0x10455</load_address>
         <run_address>0x10455</run_address>
         <size>0x1463</size>
         <input_file_ref idref="fl-20"/>
      </object_component>
      <object_component id="oc-193">
         <name>.debug_info</name>
         <load_address>0x118b8</load_address>
         <run_address>0x118b8</run_address>
         <size>0x6f2</size>
         <input_file_ref idref="fl-21"/>
      </object_component>
      <object_component id="oc-fa">
         <name>.debug_info</name>
         <load_address>0x11faa</load_address>
         <run_address>0x11faa</run_address>
         <size>0x7d0</size>
         <input_file_ref idref="fl-21"/>
      </object_component>
      <object_component id="oc-208">
         <name>.debug_info</name>
         <load_address>0x1277a</load_address>
         <run_address>0x1277a</run_address>
         <size>0x3e6</size>
         <input_file_ref idref="fl-df"/>
      </object_component>
      <object_component id="oc-203">
         <name>.debug_info</name>
         <load_address>0x12b60</load_address>
         <run_address>0x12b60</run_address>
         <size>0x158</size>
         <input_file_ref idref="fl-df"/>
      </object_component>
      <object_component id="oc-1fe">
         <name>.debug_info</name>
         <load_address>0x12cb8</load_address>
         <run_address>0x12cb8</run_address>
         <size>0x167</size>
         <input_file_ref idref="fl-df"/>
      </object_component>
      <object_component id="oc-196">
         <name>.debug_info</name>
         <load_address>0x12e1f</load_address>
         <run_address>0x12e1f</run_address>
         <size>0x1ad</size>
         <input_file_ref idref="fl-df"/>
      </object_component>
      <object_component id="oc-2b2">
         <name>.debug_info</name>
         <load_address>0x12fcc</load_address>
         <run_address>0x12fcc</run_address>
         <size>0xb2</size>
         <input_file_ref idref="fl-df"/>
      </object_component>
      <object_component id="oc-293">
         <name>.debug_info</name>
         <load_address>0x1307e</load_address>
         <run_address>0x1307e</run_address>
         <size>0x57c</size>
         <input_file_ref idref="fl-e0"/>
      </object_component>
      <object_component id="oc-260">
         <name>.debug_info</name>
         <load_address>0x135fa</load_address>
         <run_address>0x135fa</run_address>
         <size>0x21f</size>
         <input_file_ref idref="fl-e0"/>
      </object_component>
      <object_component id="oc-2fb">
         <name>.debug_info</name>
         <load_address>0x13819</load_address>
         <run_address>0x13819</run_address>
         <size>0x1b4</size>
         <input_file_ref idref="fl-e0"/>
      </object_component>
      <object_component id="oc-301">
         <name>.debug_info</name>
         <load_address>0x139cd</load_address>
         <run_address>0x139cd</run_address>
         <size>0x21c</size>
         <input_file_ref idref="fl-e0"/>
      </object_component>
      <object_component id="oc-26b">
         <name>.debug_info</name>
         <load_address>0x13be9</load_address>
         <run_address>0x13be9</run_address>
         <size>0x3bc</size>
         <input_file_ref idref="fl-e0"/>
      </object_component>
      <object_component id="oc-308">
         <name>.debug_info</name>
         <load_address>0x13fa5</load_address>
         <run_address>0x13fa5</run_address>
         <size>0x306</size>
         <input_file_ref idref="fl-e0"/>
      </object_component>
      <object_component id="oc-30e">
         <name>.debug_info</name>
         <load_address>0x142ab</load_address>
         <run_address>0x142ab</run_address>
         <size>0x216</size>
         <input_file_ref idref="fl-e0"/>
      </object_component>
      <object_component id="oc-271">
         <name>.debug_info</name>
         <load_address>0x144c1</load_address>
         <run_address>0x144c1</run_address>
         <size>0x216</size>
         <input_file_ref idref="fl-e0"/>
      </object_component>
      <object_component id="oc-278">
         <name>.debug_info</name>
         <load_address>0x146d7</load_address>
         <run_address>0x146d7</run_address>
         <size>0x305</size>
         <input_file_ref idref="fl-e0"/>
      </object_component>
      <object_component id="oc-27e">
         <name>.debug_info</name>
         <load_address>0x149dc</load_address>
         <run_address>0x149dc</run_address>
         <size>0x4b1</size>
         <input_file_ref idref="fl-e0"/>
      </object_component>
      <object_component id="oc-1f5">
         <name>.debug_info</name>
         <load_address>0x14e8d</load_address>
         <run_address>0x14e8d</run_address>
         <size>0x5f5</size>
         <input_file_ref idref="fl-e0"/>
      </object_component>
      <object_component id="oc-294">
         <name>.debug_info</name>
         <load_address>0x15482</load_address>
         <run_address>0x15482</run_address>
         <size>0x86</size>
         <input_file_ref idref="fl-e0"/>
      </object_component>
      <object_component id="oc-33b">
         <name>.debug_info</name>
         <load_address>0x15508</load_address>
         <run_address>0x15508</run_address>
         <size>0x39</size>
         <input_file_ref idref="fl-e0"/>
      </object_component>
      <object_component id="oc-39a">
         <name>.debug_info</name>
         <load_address>0x15541</load_address>
         <run_address>0x15541</run_address>
         <size>0xb6</size>
         <input_file_ref idref="fl-e0"/>
      </object_component>
      <object_component id="oc-340">
         <name>.debug_info</name>
         <load_address>0x155f7</load_address>
         <run_address>0x155f7</run_address>
         <size>0x46</size>
         <input_file_ref idref="fl-e0"/>
      </object_component>
      <object_component id="oc-299">
         <name>.debug_info</name>
         <load_address>0x1563d</load_address>
         <run_address>0x1563d</run_address>
         <size>0x46</size>
         <input_file_ref idref="fl-e0"/>
      </object_component>
      <object_component id="oc-336">
         <name>.debug_info</name>
         <load_address>0x15683</load_address>
         <run_address>0x15683</run_address>
         <size>0x2c</size>
         <input_file_ref idref="fl-e0"/>
      </object_component>
      <object_component id="oc-362">
         <name>.debug_info</name>
         <load_address>0x156af</load_address>
         <run_address>0x156af</run_address>
         <size>0x384</size>
         <input_file_ref idref="fl-e1"/>
      </object_component>
      <object_component id="oc-2aa">
         <name>.debug_info</name>
         <load_address>0x15a33</load_address>
         <run_address>0x15a33</run_address>
         <size>0x1eb</size>
         <input_file_ref idref="fl-e1"/>
      </object_component>
      <object_component id="oc-360">
         <name>.debug_info</name>
         <load_address>0x15c1e</load_address>
         <run_address>0x15c1e</run_address>
         <size>0x3fd</size>
         <input_file_ref idref="fl-e2"/>
      </object_component>
      <object_component id="oc-2a4">
         <name>.debug_info</name>
         <load_address>0x1601b</load_address>
         <run_address>0x1601b</run_address>
         <size>0x2e3</size>
         <input_file_ref idref="fl-e2"/>
      </object_component>
      <object_component id="oc-ed">
         <name>.debug_info</name>
         <load_address>0x162fe</load_address>
         <run_address>0x162fe</run_address>
         <size>0x2c</size>
         <input_file_ref idref="fl-e2"/>
      </object_component>
      <object_component id="oc-3ac">
         <name>.debug_info</name>
         <load_address>0x1632a</load_address>
         <run_address>0x1632a</run_address>
         <size>0x301</size>
         <input_file_ref idref="fl-e3"/>
      </object_component>
      <object_component id="oc-349">
         <name>.debug_info</name>
         <load_address>0x1662b</load_address>
         <run_address>0x1662b</run_address>
         <size>0x19d</size>
         <input_file_ref idref="fl-e3"/>
      </object_component>
      <object_component id="oc-3e7">
         <name>.debug_info</name>
         <load_address>0x167c8</load_address>
         <run_address>0x167c8</run_address>
         <size>0xbf</size>
         <input_file_ref idref="fl-e3"/>
      </object_component>
      <object_component id="oc-3e6">
         <name>.debug_info</name>
         <load_address>0x16887</load_address>
         <run_address>0x16887</run_address>
         <size>0x375</size>
         <input_file_ref idref="fl-e4"/>
      </object_component>
      <object_component id="oc-3a6">
         <name>.debug_info</name>
         <load_address>0x16bfc</load_address>
         <run_address>0x16bfc</run_address>
         <size>0x20c</size>
         <input_file_ref idref="fl-e4"/>
      </object_component>
      <object_component id="oc-32e">
         <name>.debug_info</name>
         <load_address>0x16e08</load_address>
         <run_address>0x16e08</run_address>
         <size>0x290</size>
         <input_file_ref idref="fl-e5"/>
      </object_component>
      <object_component id="oc-287">
         <name>.debug_info</name>
         <load_address>0x17098</load_address>
         <run_address>0x17098</run_address>
         <size>0x15b</size>
         <input_file_ref idref="fl-e5"/>
      </object_component>
      <object_component id="oc-38f">
         <name>.debug_info</name>
         <load_address>0x171f3</load_address>
         <run_address>0x171f3</run_address>
         <size>0x46</size>
         <input_file_ref idref="fl-e5"/>
      </object_component>
      <object_component id="oc-329">
         <name>.debug_info</name>
         <load_address>0x17239</load_address>
         <run_address>0x17239</run_address>
         <size>0x39</size>
         <input_file_ref idref="fl-e5"/>
      </object_component>
      <object_component id="oc-2ce">
         <name>.debug_info</name>
         <load_address>0x17272</load_address>
         <run_address>0x17272</run_address>
         <size>0x135</size>
         <input_file_ref idref="fl-e6"/>
      </object_component>
      <object_component id="oc-94">
         <name>.debug_info</name>
         <load_address>0x173a7</load_address>
         <run_address>0x173a7</run_address>
         <size>0x148</size>
         <input_file_ref idref="fl-e7"/>
      </object_component>
      <object_component id="oc-2f6">
         <name>.debug_info</name>
         <load_address>0x174ef</load_address>
         <run_address>0x174ef</run_address>
         <size>0x14d</size>
         <input_file_ref idref="fl-e8"/>
      </object_component>
      <object_component id="oc-264">
         <name>.debug_info</name>
         <load_address>0x1763c</load_address>
         <run_address>0x1763c</run_address>
         <size>0x129</size>
         <input_file_ref idref="fl-e9"/>
      </object_component>
      <object_component id="oc-2e0">
         <name>.debug_info</name>
         <load_address>0x17765</load_address>
         <run_address>0x17765</run_address>
         <size>0x12b</size>
         <input_file_ref idref="fl-e9"/>
      </object_component>
      <object_component id="oc-2da">
         <name>.debug_info</name>
         <load_address>0x17890</load_address>
         <run_address>0x17890</run_address>
         <size>0x13b</size>
         <input_file_ref idref="fl-ea"/>
      </object_component>
      <object_component id="oc-2d5">
         <name>.debug_info</name>
         <load_address>0x179cb</load_address>
         <run_address>0x179cb</run_address>
         <size>0x13b</size>
         <input_file_ref idref="fl-eb"/>
      </object_component>
      <object_component id="oc-2e5">
         <name>.debug_info</name>
         <load_address>0x17b06</load_address>
         <run_address>0x17b06</run_address>
         <size>0x12f</size>
         <input_file_ref idref="fl-ec"/>
[...]
      </symbol>
      <symbol id="sm-6e1">
         <name>__aeabi_memclr8</name>
         <value>0x47d9</value>
         <object_component_ref idref="oc-91"/>
      </symbol>
      <symbol id="sm-6e2">
         <name>__aeabi_memclr4</name>
         <value>0x47d9</value>
         <object_component_ref idref="oc-91"/>
      </symbol>
      <symbol id="sm-6e3">
         <name>__aeabi_memclr</name>
         <value>0x47d9</value>
         <object_component_ref idref="oc-91"/>
      </symbol>
      <symbol id="sm-6fa">
         <name>__aeabi_dsub</name>
         <value>0x34f9</value>
         <object_component_ref idref="oc-2f3"/>
      </symbol>
      <symbol id="sm-6fb">
         <name>__aeabi_dadd</name>
         <value>0x3503</value>
         <object_component_ref idref="oc-2f3"/>
      </symbol>
      <symbol id="sm-71d">
         <name>__aeabi_cdcmpeq</name>
         <value>0x45d5</value>
         <object_component_ref idref="oc-263"/>
      </symbol>
      <symbol id="sm-71e">
         <name>__aeabi_cdcmple</name>
         <value>0x45d5</value>
         <object_component_ref idref="oc-263"/>
      </symbol>
      <symbol id="sm-71f">
         <name>__aeabi_cdrcmple</name>
         <value>0x465b</value>
         <object_component_ref idref="oc-2de"/>
      </symbol>
      <symbol id="sm-733">
         <name>__aeabi_ddiv</name>
         <value>0x3961</value>
         <object_component_ref idref="oc-2d9"/>
      </symbol>
      <symbol id="sm-73e">
         <name>__aeabi_dmul</name>
         <value>0x3de1</value>
         <object_component_ref idref="oc-2d4"/>
      </symbol>
      <symbol id="sm-748">
         <name>__aeabi_d2iz</name>
         <value>0x4f51</value>
         <object_component_ref idref="oc-2e3"/>
      </symbol>
      <symbol id="sm-752">
         <name>__aeabi_i2d</name>
         <value>0x5261</value>
         <object_component_ref idref="oc-2ee"/>
      </symbol>
      <symbol id="sm-76d">
         <name>memcpy</name>
         <value>0x4417</value>
         <object_component_ref idref="oc-37"/>
      </symbol>
      <symbol id="sm-76e">
         <name>__aeabi_memcpy</name>
         <value>0x4417</value>
         <object_component_ref idref="oc-37"/>
      </symbol>
      <symbol id="sm-76f">
         <name>__aeabi_memcpy8</name>
         <value>0x4417</value>
         <object_component_ref idref="oc-37"/>
      </symbol>
      <symbol id="sm-770">
         <name>__aeabi_memcpy4</name>
         <value>0x4417</value>
         <object_component_ref idref="oc-37"/>
      </symbol>
      <symbol id="sm-784">
         <name>__TI_zero_init_nomemset</name>
         <value>0x5355</value>
         <object_component_ref idref="oc-43"/>
      </symbol>
      <symbol id="sm-79b">
         <name>__TI_decompress_none</name>
         <value>0x542b</value>
         <object_component_ref idref="oc-1a"/>
      </symbol>
      <symbol id="sm-7be">
         <name>__TI_decompress_lzss</name>
         <value>0x4a0d</value>
         <object_component_ref idref="oc-14"/>
      </symbol>
      <symbol id="sm-7e4">
         <name>C$$EXIT</name>
         <value>0x5465</value>
         <object_component_ref idref="oc-11d"/>
      </symbol>
      <symbol id="sm-7e5">
         <name>abort</name>
         <value>0x5465</value>
         <object_component_ref idref="oc-11d"/>
      </symbol>
      <symbol id="sm-7e6">
         <name>__TI_dtors_ptr</name>
         <value>0x200006e4</value>
         <object_component_ref idref="oc-1ac"/>
      </symbol>
      <symbol id="sm-7e7">
         <name>__TI_cleanup_ptr</name>
         <value>0x200006e0</value>
         <object_component_ref idref="oc-1ac"/>
      </symbol>
      <symbol id="sm-7e8">
         <name>__TI_enable_exit_profile_output</name>
         <value>0x200006e8</value>
         <object_component_ref idref="oc-1ac"/>
      </symbol>
      <symbol id="sm-7e9">
         <name>exit</name>
         <value>0x4f09</value>
         <object_component_ref idref="oc-123"/>
      </symbol>
      <symbol id="sm-7fe">
         <name>_nop</name>
         <value>0x18af</value>
         <object_component_ref idref="oc-21f"/>
      </symbol>
      <symbol id="sm-7ff">
         <name>_lock</name>
         <value>0x200006ec</value>
         <object_component_ref idref="oc-1af"/>
      </symbol>
      <symbol id="sm-800">
         <name>_unlock</name>
         <value>0x200006f0</value>
         <object_component_ref idref="oc-1af"/>
      </symbol>
      <symbol id="sm-816">
         <name>atoi</name>
         <value>0x4ebd</value>
         <object_component_ref idref="oc-257"/>
      </symbol>
      <symbol id="sm-821">
         <name>_ctypes_</name>
         <value>0x5468</value>
         <object_component_ref idref="oc-2c8"/>
      </symbol>
      <symbol id="sm-836">
         <name>__TI_tmpnams</name>
         <value>0x20000824</value>
      </symbol>
      <symbol id="sm-837">
         <name>__aeabi_stdout</name>
         <value>0x200006d8</value>
         <object_component_ref idref="oc-422"/>
      </symbol>
      <symbol id="sm-838">
         <name>__aeabi_stderr</name>
         <value>0x200006dc</value>
         <object_component_ref idref="oc-422"/>
      </symbol>
      <symbol id="sm-839">
         <name>__aeabi_stdin</name>
         <value>0x200006d4</value>
         <object_component_ref idref="oc-422"/>
      </symbol>
      <symbol id="sm-83a">
         <name>_ftable</name>
         <value>0x200004e8</value>
         <object_component_ref idref="oc-1f8"/>
      </symbol>
      <symbol id="sm-83b">
         <name>__TI_ft_end</name>
         <value>0x200006d0</value>
         <object_component_ref idref="oc-422"/>
      </symbol>
      <symbol id="sm-84a">
         <name>ltoa</name>
         <value>0x4dcb</value>
         <object_component_ref idref="oc-2e8"/>
      </symbol>
      <symbol id="sm-85a">
         <name>memccpy</name>
         <value>0x538d</value>
         <object_component_ref idref="oc-280"/>
      </symbol>
      <symbol id="sm-86a">
         <name>memchr</name>
         <value>0x5335</value>
         <object_component_ref idref="oc-34d"/>
      </symbol>
      <symbol id="sm-8f1">
         <name>_sys_memory</name>
         <value>0x200000e8</value>
         <object_component_ref idref="oc-26"/>
      </symbol>
      <symbol id="sm-8f2">
         <name>free</name>
         <value>0x40c9</value>
         <object_component_ref idref="oc-3d3"/>
      </symbol>
      <symbol id="sm-8f3">
         <name>memalign</name>
         <value>0x3fd5</value>
         <object_component_ref idref="oc-415"/>
      </symbol>
      <symbol id="sm-8f4">
         <name>malloc</name>
         <value>0x5451</value>
         <object_component_ref idref="oc-3d9"/>
      </symbol>
      <symbol id="sm-8f5">
         <name>aligned_alloc</name>
         <value>0x3fd5</value>
         <object_component_ref idref="oc-415"/>
      </symbol>
      <symbol id="sm-905">
         <name>strchr</name>
         <value>0x53db</value>
         <object_component_ref idref="oc-31f"/>
      </symbol>
      <symbol id="sm-913">
         <name>strlen</name>
         <value>0x5405</value>
         <object_component_ref idref="oc-251"/>
      </symbol>
      <symbol id="sm-929">
         <name>__aeabi_errno_addr</name>
         <value>0x5449</value>
         <object_component_ref idref="oc-28c"/>
      </symbol>
      <symbol id="sm-92a">
         <name>errno</name>
         <value>0x200006fc</value>
         <object_component_ref idref="oc-32f"/>
      </symbol>
      <symbol id="sm-944">
         <name>write</name>
         <value>0x530d</value>
         <object_component_ref idref="oc-359"/>
      </symbol>
      <symbol id="sm-955">
         <name>_stream</name>
         <value>0x20000650</value>
         <object_component_ref idref="oc-3b1"/>
      </symbol>
      <symbol id="sm-956">
         <name>_device</name>
         <value>0x200005d8</value>
         <object_component_ref idref="oc-3f2"/>
      </symbol>
      <symbol id="sm-969">
         <name>__stack</name>
         <value>0x2000fe00</value>
         <object_component_ref idref="oc-29"/>
      </symbol>
      <symbol id="sm-96a">
         <name>_c_int00_noargs</name>
         <value>0x51fd</value>
         <object_component_ref idref="oc-55"/>
      </symbol>
      <symbol id="sm-98a">
         <name>frexpl</name>
         <value>0x4add</value>
         <object_component_ref idref="oc-313"/>
      </symbol>
      <symbol id="sm-98b">
         <name>frexp</name>
         <value>0x4add</value>
         <object_component_ref idref="oc-313"/>
      </symbol>
      <symbol id="sm-9a8">
         <name>scalbn</name>
         <value>0x3cd1</value>
         <object_component_ref idref="oc-319"/>
      </symbol>
      <symbol id="sm-9a9">
         <name>scalbnl</name>
         <value>0x3cd1</value>
         <object_component_ref idref="oc-319"/>
      </symbol>
      <symbol id="sm-9aa">
         <name>ldexpl</name>
         <value>0x3cd1</value>
         <object_component_ref idref="oc-319"/>
      </symbol>
      <symbol id="sm-9ab">
         <name>ldexp</name>
         <value>0x3cd1</value>
         <object_component_ref idref="oc-319"/>
      </symbol>
      <symbol id="sm-9bb">
         <name>__TI_doflush</name>
         <value>0x4e71</value>
         <object_component_ref idref="oc-353"/>
      </symbol>
      <symbol id="sm-9cb">
         <name>__TI_cleanup</name>
         <value>0x5195</value>
         <object_component_ref idref="oc-3df"/>
      </symbol>
      <symbol id="sm-9dd">
         <name>fseek</name>
         <value>0x4b41</value>
         <object_component_ref idref="oc-39f"/>
      </symbol>
      <symbol id="sm-9e7">
         <name>__aeabi_idiv0</name>
         <value>0x36af</value>
         <object_component_ref idref="oc-36a"/>
      </symbol>
      <symbol id="sm-9e8">
         <name>__aeabi_ldiv0</name>
         <value>0x36af</value>
         <object_component_ref idref="oc-36a"/>
      </symbol>
      <symbol id="sm-a10">
         <name>__TI_auto_init_nobinit_nopinit</name>
         <value>0x5021</value>
         <object_component_ref idref="oc-129"/>
      </symbol>
      <symbol id="sm-a1a">
         <name>_system_pre_init</name>
         <value>0x5461</value>
         <object_component_ref idref="oc-97"/>
      </symbol>
      <symbol id="sm-a2d">
         <name>HOSTclose</name>
         <value>0x4f99</value>
         <object_component_ref idref="oc-42e"/>
      </symbol>
      <symbol id="sm-a3e">
         <name>HOSTlseek</name>
         <value>0x49a5</value>
         <object_component_ref idref="oc-440"/>
      </symbol>
      <symbol id="sm-a50">
         <name>parmbuf</name>
         <value>0x200008cc</value>
      </symbol>
      <symbol id="sm-a51">
         <name>HOSTopen</name>
         <value>0x4c09</value>
         <object_component_ref idref="oc-428"/>
      </symbol>
      <symbol id="sm-a62">
         <name>HOSTread</name>
         <value>0x4cc5</value>
         <object_component_ref idref="oc-434"/>
      </symbol>
      <symbol id="sm-a73">
         <name>HOSTrename</name>
         <value>0x4939</value>
         <object_component_ref idref="oc-44c"/>
      </symbol>
      <symbol id="sm-a84">
         <name>HOSTunlink</name>
         <value>0x4fdd</value>
         <object_component_ref idref="oc-446"/>
      </symbol>
      <symbol id="sm-a95">
         <name>HOSTwrite</name>
         <value>0x4d1d</value>
         <object_component_ref idref="oc-43a"/>
      </symbol>
      <symbol id="sm-ab9">
         <name>__TI_readmsg</name>
         <value>0x51c9</value>
         <object_component_ref idref="oc-47b"/>
      </symbol>
      <symbol id="sm-aba">
         <name>C$$IO$$</name>
         <value>0x5153</value>
         <object_component_ref idref="oc-475"/>
      </symbol>
      <symbol id="sm-abb">
         <name>__CIOBUF_</name>
         <value>0x20000704</value>
         <object_component_ref idref="oc-4a6"/>
      </symbol>
      <symbol id="sm-abc">
         <name>__TI_writemsg</name>
         <value>0x5125</value>
         <object_component_ref idref="oc-475"/>
      </symbol>
      <symbol id="sm-acd">
         <name>lseek</name>
         <value>0x52e5</value>
         <object_component_ref idref="oc-3cb"/>
      </symbol>
      <symbol id="sm-ad7">
         <name>copysign</name>
         <value>0x53a9</value>
         <object_component_ref idref="oc-383"/>
      </symbol>
      <symbol id="sm-ad8">
         <name>copysignl</name>
         <value>0x53a9</value>
         <object_component_ref idref="oc-383"/>
      </symbol>
      <symbol id="sm-aed">
         <name>__TI_closefile</name>
         <value>0x4855</value>
         <object_component_ref idref="oc-41c"/>
      </symbol>
      <symbol id="sm-b10">
         <name>finddevice</name>
         <value>0x5231</value>
         <object_component_ref idref="oc-4c4"/>
      </symbol>
      <symbol id="sm-b11">
         <name>getdevice</name>
         <value>0x5065</value>
         <object_component_ref idref="oc-49c"/>
      </symbol>
      <symbol id="sm-b20">
         <name>strcmp</name>
         <value>0x53c3</value>
         <object_component_ref idref="oc-4db"/>
      </symbol>
      <symbol id="sm-b2e">
         <name>strcpy</name>
         <value>0x53f1</value>
         <object_component_ref idref="oc-48f"/>
      </symbol>
      <symbol id="sm-b3e">
         <name>strncpy</name>
         <value>0x515d</value>
         <object_component_ref idref="oc-4be"/>
      </symbol>
      <symbol id="sm-b53">
         <name>close</name>
         <value>0x4c69</value>
         <object_component_ref idref="oc-464"/>
      </symbol>
      <symbol id="sm-b63">
         <name>unlink</name>
         <value>0x5291</value>
         <object_component_ref idref="oc-46a"/>
      </symbol>
      <symbol id="sm-b64">
         <name>__TI_static_base__</name>
         <value>0x0</value>
      </symbol>
      <symbol id="sm-b67">
         <name>__mpu_init</name>
         <value>0x0</value>
      </symbol>
      <symbol id="sm-b68">
         <name>_system_post_cinit</name>
         <value>0x0</value>
      </symbol>
      <symbol id="sm-b69">
         <name>NMI_Handler</name>
         <value>0x5445</value>
      </symbol>
      <symbol id="sm-b6a">
         <name>HardFault_Handler</name>
         <value>0x5445</value>
      </symbol>
      <symbol id="sm-b6b">
         <name>MemManage_Handler</name>
         <value>0x5445</value>
      </symbol>
      <symbol id="sm-b6c">
         <name>BusFault_Handler</name>
         <value>0x5445</value>
      </symbol>
      <symbol id="sm-b6d">
         <name>UsageFault_Handler</name>
         <value>0x5445</value>
      </symbol>
      <symbol id="sm-b6e">
         <name>SVC_Handler</name>
         <value>0x5445</value>
      </symbol>
      <symbol id="sm-b6f">
         <name>DebugMon_Handler</name>
         <value>0x5445</value>
      </symbol>
      <symbol id="sm-b70">
         <name>PendSV_Handler</name>
         <value>0x5445</value>
      </symbol>
      <symbol id="sm-b71">
         <name>SysTick_Handler</name>
         <value>0x5445</value>
      </symbol>
      <symbol id="sm-b72">
         <name>PSS_IRQHandler</name>
         <value>0x5445</value>
      </symbol>
      <symbol id="sm-b73">
         <name>CS_IRQHandler</name>
         <value>0x5445</value>
      </symbol>
      <symbol id="sm-b74">
         <name>PCM_IRQHandler</name>
         <value>0x5445</value>
      </symbol>
      <symbol id="sm-b75">
         <name>WDT_A_IRQHandler</name>
         <value>0x5445</value>
      </symbol>
      <symbol id="sm-b76">
         <name>FPU_IRQHandler</name>
         <value>0x5445</value>
      </symbol>
      <symbol id="sm-b77">
         <name>FLCTL_IRQHandler</name>
         <value>0x5445</value>
      </symbol>
      <symbol id="sm-b78">
         <name>COMP_E0_IRQHandler</name>
         <value>0x5445</value>
      </symbol>
      <symbol id="sm-b79">
         <name>COMP_E1_IRQHandler</name>
         <value>0x5445</value>
      </symbol>
      <symbol id="sm-b7a">
         <name>TA0_0_IRQHandler</name>
         <value>0x5445</value>
      </symbol>
      <symbol id="sm-b7b">
         <name>TA0_N_IRQHandler</name>
         <value>0x5445</value>
      </symbol>
      <symbol id="sm-b7c">
         <name>TA1_0_IRQHandler</name>
         <value>0x5445</value>
      </symbol>
      <symbol id="sm-b7d">
         <name>TA1_N_IRQHandler</name>
         <value>0x5445</value>
      </symbol>
      <symbol id="sm-b7e">
         <name>TA2_0_IRQHandler</name>
         <value>0x5445</value>
      </symbol>
      <symbol id="sm-b7f">
         <name>TA2_N_IRQHandler</name>
         <value>0x5445</value>
      </symbol>
      <symbol id="sm-b80">
         <name>TA3_0_IRQHandler</name>
         <value>0x5445</value>
      </symbol>
      <symbol id="sm-b81">
         <name>TA3_N_IRQHandler</name>
         <value>0x5445</value>
      </symbol>
      <symbol id="sm-b82">
         <name>EUSCIA0_IRQHandler</name>
         <value>0x5445</value>
      </symbol>
      <symbol id="sm-b83">
         <name>EUSCIA1_IRQHandler</name>
         <value>0x5445</value>
      </symbol>
      <symbol id="sm-b84">
         <name>EUSCIA2_IRQHandler</name>
         <value>0x5445</value>
      </symbol>
      <symbol id="sm-b85">
         <name>EUSCIA3_IRQHandler</name>
         <value>0x5445</value>
      </symbol>
      <symbol id="sm-b86">
         <name>EUSCIB0_IRQHandler</name>
         <value>0x5445</value>
      </symbol>
      <symbol id="sm-b87">
         <name>EUSCIB1_IRQHandler</name>
         <value>0x5445</value>
      </symbol>
      <symbol id="sm-b88">
         <name>EUSCIB2_IRQHandler</name>
         <value>0x5445</value>
      </symbol>
      <symbol id="sm-b89">
         <name>EUSCIB3_IRQHandler</name>
         <value>0x5445</value>
      </symbol>
      <symbol id="sm-b8a">
         <name>ADC14_IRQHandler</name>
         <value>0x5445</value>
      </symbol>
      <symbol id="sm-b8b">
         <name>T32_INT1_IRQHandler</name>
         <value>0x5445</value>
      </symbol>
      <symbol id="sm-b8c">
         <name>T32_INT2_IRQHandler</name>
         <value>0x5445</value>
      </symbol>
      <symbol id="sm-b8d">
         <name>T32_INTC_IRQHandler</name>
         <value>0x5445</value>
      </symbol>
      <symbol id="sm-b8e">
         <name>AES256_IRQHandler</name>
         <value>0x5445</value>
      </symbol>
      <symbol id="sm-b8f">
         <name>RTC_C_IRQHandler</name>
         <value>0x1e35</value>
      </symbol>
      <symbol id="sm-b90">
         <name>DMA_ERR_IRQHandler</name>
         <value>0x5445</value>
      </symbol>
      <symbol id="sm-b91">
         <name>DMA_INT3_IRQHandler</name>
         <value>0x5445</value>
      </symbol>
      <symbol id="sm-b92">
         <name>DMA_INT2_IRQHandler</name>
         <value>0x5445</value>
      </symbol>
      <symbol id="sm-b93">
         <name>DMA_INT1_IRQHandler</name>
         <value>0x5445</value>
      </symbol>
      <symbol id="sm-b94">
         <name>DMA_INT0_IRQHandler</name>
         <value>0x5445</value>
      </symbol>
      <symbol id="sm-b95">
         <name>PORT1_IRQHandler</name>
         <value>0x5445</value>
      </symbol>
      <symbol id="sm-b96">
         <name>PORT2_IRQHandler</name>
         <value>0x5445</value>
      </symbol>
      <symbol id="sm-b97">
         <name>PORT3_IRQHandler</name>
         <value>0x5445</value>
      </symbol>
      <symbol id="sm-b98">
         <name>PORT4_IRQHandler</name>
         <value>0x5445</value>
      </symbol>
      <symbol id="sm-b99">
         <name>PORT5_IRQHandler</name>
         <value>0x5445</value>
      </symbol>
      <symbol id="sm-b9a">
         <name>PORT6_IRQHandler</name>
         <value>0x5445</value>
      </symbol>
      <symbol id="sm-b9b">
         <name>remove</name>
         <value>0x5291</value>
      </symbol>
   </symbol_table>
   <title>Link successful</title>
</link_info>
